23:02:31 **** Incremental Build of configuration Debug for project int_test_bsp_xgpio_intr_tapp_example_1 ****
make pre-build main-build 
a9-linaro-pre-build-step
' '
make: Nothing to be done for `main-build'.
23:02:40 **** Incremental Build of configuration Debug for project int_test_bsp_xgpio_intr_tapp_example_1 ****
make pre-build main-build 
a9-linaro-pre-build-step
' '
make: Nothing to be done for `main-build'.
23:03:28 **** Incremental Build of configuration Debug for project int_test_bsp_xgpio_intr_tapp_example_1 ****
make pre-build main-build 
a9-linaro-pre-build-step
' '
make: Nothing to be done for `main-build'.
23:07:36 **** Auto Build of configuration Debug for project int_test_bsp_xgpio_intr_tapp_example_1 ****
make pre-build main-build 
a9-linaro-pre-build-step
' '
'Building file: ../src/xgpio_intr_tapp_example.c'
'Invoking: ARM v7 gcc compiler'
arm-none-eabi-gcc -Wall -O0 -g3 -c -fmessage-length=0 -MT"src/xgpio_intr_tapp_example.o" -mcpu=cortex-a9 -mfpu=vfpv3 -mfloat-abi=hard -I../../int_test_bsp/ps7_cortexa9_0/include -MMD -MP -MF"src/xgpio_intr_tapp_example.d" -MT"src/xgpio_intr_tapp_example.o" -o "src/xgpio_intr_tapp_example.o" "../src/xgpio_intr_tapp_example.c"
'Finished building: ../src/xgpio_intr_tapp_example.c'
' '
'Building target: int_test_bsp_xgpio_intr_tapp_example_1.elf'
'Invoking: ARM v7 gcc linker'
arm-none-eabi-gcc -mcpu=cortex-a9 -mfpu=vfpv3 -mfloat-abi=hard -Wl,-build-id=none -specs=Xilinx.spec -Wl,-T -Wl,../src/lscript.ld -L../../int_test_bsp/ps7_cortexa9_0/lib -o "int_test_bsp_xgpio_intr_tapp_example_1.elf"  ./src/xgpio_intr_tapp_example.o   -Wl,--start-group,-lxil,-lgcc,-lc,--end-group
'Finished building target: int_test_bsp_xgpio_intr_tapp_example_1.elf'
' '
'Invoking: ARM v7 Print Size'
arm-none-eabi-size int_test_bsp_xgpio_intr_tapp_example_1.elf  |tee "int_test_bsp_xgpio_intr_tapp_example_1.elf.size"
   text	   data	    bss	    dec	    hex	filename
  25404	   2752	  22616	  50772	   c654	int_test_bsp_xgpio_intr_tapp_example_1.elf
'Finished building: int_test_bsp_xgpio_intr_tapp_example_1.elf.size'
' '
23:09:48 **** Auto Build of configuration Debug for project int_test_bsp_xgpio_intr_tapp_example_1 ****
make pre-build main-build 
a9-linaro-pre-build-step
' '
'Building file: ../src/xgpio_intr_tapp_example.c'
'Invoking: ARM v7 gcc compiler'
arm-none-eabi-gcc -Wall -O0 -g3 -c -fmessage-length=0 -MT"src/xgpio_intr_tapp_example.o" -mcpu=cortex-a9 -mfpu=vfpv3 -mfloat-abi=hard -I../../int_test_bsp/ps7_cortexa9_0/include -MMD -MP -MF"src/xgpio_intr_tapp_example.d" -MT"src/xgpio_intr_tapp_example.o" -o "src/xgpio_intr_tapp_example.o" "../src/xgpio_intr_tapp_example.c"
'Finished building: ../src/xgpio_intr_tapp_example.c'
' '
'Building target: int_test_bsp_xgpio_intr_tapp_example_1.elf'
'Invoking: ARM v7 gcc linker'
arm-none-eabi-gcc -mcpu=cortex-a9 -mfpu=vfpv3 -mfloat-abi=hard -Wl,-build-id=none -specs=Xilinx.spec -Wl,-T -Wl,../src/lscript.ld -L../../int_test_bsp/ps7_cortexa9_0/lib -o "int_test_bsp_xgpio_intr_tapp_example_1.elf"  ./src/xgpio_intr_tapp_example.o   -Wl,--start-group,-lxil,-lgcc,-lc,--end-group
'Finished building target: int_test_bsp_xgpio_intr_tapp_example_1.elf'
' '
'Invoking: ARM v7 Print Size'
arm-none-eabi-size int_test_bsp_xgpio_intr_tapp_example_1.elf  |tee "int_test_bsp_xgpio_intr_tapp_example_1.elf.size"
   text	   data	    bss	    dec	    hex	filename
  25404	   2752	  22616	  50772	   c654	int_test_bsp_xgpio_intr_tapp_example_1.elf
'Finished building: int_test_bsp_xgpio_intr_tapp_example_1.elf.size'
' '
23:15:15 **** Auto Build of configuration Debug for project int_test_bsp_xgpio_intr_tapp_example_1 ****
make pre-build main-build 
a9-linaro-pre-build-step
' '
'Building file: ../src/xgpio_intr_tapp_example.c'
'Invoking: ARM v7 gcc compiler'
arm-none-eabi-gcc -Wall -O0 -g3 -c -fmessage-length=0 -MT"src/xgpio_intr_tapp_example.o" -mcpu=cortex-a9 -mfpu=vfpv3 -mfloat-abi=hard -I../../int_test_bsp/ps7_cortexa9_0/include -MMD -MP -MF"src/xgpio_intr_tapp_example.d" -MT"src/xgpio_intr_tapp_example.o" -o "src/xgpio_intr_tapp_example.o" "../src/xgpio_intr_tapp_example.c"
'Finished building: ../src/xgpio_intr_tapp_example.c'
' '
'Building target: int_test_bsp_xgpio_intr_tapp_example_1.elf'
'Invoking: ARM v7 gcc linker'
arm-none-eabi-gcc -mcpu=cortex-a9 -mfpu=vfpv3 -mfloat-abi=hard -Wl,-build-id=none -specs=Xilinx.spec -Wl,-T -Wl,../src/lscript.ld -L../../int_test_bsp/ps7_cortexa9_0/lib -o "int_test_bsp_xgpio_intr_tapp_example_1.elf"  ./src/xgpio_intr_tapp_example.o   -Wl,--start-group,-lxil,-lgcc,-lc,--end-group
'Finished building target: int_test_bsp_xgpio_intr_tapp_example_1.elf'
' '
'Invoking: ARM v7 Print Size'
arm-none-eabi-size int_test_bsp_xgpio_intr_tapp_example_1.elf  |tee "int_test_bsp_xgpio_intr_tapp_example_1.elf.size"
   text	   data	    bss	    dec	    hex	filename
  25404	   2752	  22616	  50772	   c654	int_test_bsp_xgpio_intr_tapp_example_1.elf
'Finished building: int_test_bsp_xgpio_intr_tapp_example_1.elf.size'
' '
23:16:41 **** Auto Build of configuration Debug for project int_test_bsp_xgpio_intr_tapp_example_1 ****
make pre-build main-build 
a9-linaro-pre-build-step
' '
'Building file: ../src/xgpio_intr_tapp_example.c'
'Invoking: ARM v7 gcc compiler'
arm-none-eabi-gcc -Wall -O0 -g3 -c -fmessage-length=0 -MT"src/xgpio_intr_tapp_example.o" -mcpu=cortex-a9 -mfpu=vfpv3 -mfloat-abi=hard -I../../int_test_bsp/ps7_cortexa9_0/include -MMD -MP -MF"src/xgpio_intr_tapp_example.d" -MT"src/xgpio_intr_tapp_example.o" -o "src/xgpio_intr_tapp_example.o" "../src/xgpio_intr_tapp_example.c"
../src/xgpio_intr_tapp_example.c:159:5: error: conflicting types for 'GpioSetupIntrSystem'
 int GpioSetupIntrSystem(INTC *IntcInstancePtr, void *InstancePtr,
     ^~~~~~~~~~~~~~~~~~~
../src/xgpio_intr_tapp_example.c:30:5: note: previous declaration of 'GpioSetupIntrSystem' was here
 int GpioSetupIntrSystem(INTC *IntcInstancePtr, XGpio *InstancePtr,
     ^~~~~~~~~~~~~~~~~~~
make: *** [src/xgpio_intr_tapp_example.o] ´íÎó 1
23:17:04 **** Auto Build of configuration Debug for project int_test_bsp_xgpio_intr_tapp_example_1 ****
make pre-build main-build 
a9-linaro-pre-build-step
' '
'Building file: ../src/xgpio_intr_tapp_example.c'
'Invoking: ARM v7 gcc compiler'
arm-none-eabi-gcc -Wall -O0 -g3 -c -fmessage-length=0 -MT"src/xgpio_intr_tapp_example.o" -mcpu=cortex-a9 -mfpu=vfpv3 -mfloat-abi=hard -I../../int_test_bsp/ps7_cortexa9_0/include -MMD -MP -MF"src/xgpio_intr_tapp_example.d" -MT"src/xgpio_intr_tapp_example.o" -o "src/xgpio_intr_tapp_example.o" "../src/xgpio_intr_tapp_example.c"
../src/xgpio_intr_tapp_example.c:160:5: error: conflicting types for 'GpioSetupIntrSystem'
 int GpioSetupIntrSystem(INTC *IntcInstancePtr, void *InstancePtr,
     ^~~~~~~~~~~~~~~~~~~
../src/xgpio_intr_tapp_example.c:30:5: note: previous declaration of 'GpioSetupIntrSystem' was here
 int GpioSetupIntrSystem(INTC *IntcInstancePtr, XGpio *InstancePtr,
     ^~~~~~~~~~~~~~~~~~~
make: *** [src/xgpio_intr_tapp_example.o] ´íÎó 1
23:17:47 **** Auto Build of configuration Debug for project int_test_bsp_xgpio_intr_tapp_example_1 ****
make pre-build main-build 
a9-linaro-pre-build-step
' '
'Building file: ../src/xgpio_intr_tapp_example.c'
'Invoking: ARM v7 gcc compiler'
arm-none-eabi-gcc -Wall -O0 -g3 -c -fmessage-length=0 -MT"src/xgpio_intr_tapp_example.o" -mcpu=cortex-a9 -mfpu=vfpv3 -mfloat-abi=hard -I../../int_test_bsp/ps7_cortexa9_0/include -MMD -MP -MF"src/xgpio_intr_tapp_example.d" -MT"src/xgpio_intr_tapp_example.o" -o "src/xgpio_intr_tapp_example.o" "../src/xgpio_intr_tapp_example.c"
../src/xgpio_intr_tapp_example.c:160:5: error: conflicting types for 'GpioSetupIntrSystem'
 int GpioSetupIntrSystem(INTC *IntcInstancePtr, void *InstancePtr, u16 IntrId)
     ^~~~~~~~~~~~~~~~~~~
../src/xgpio_intr_tapp_example.c:30:5: note: previous declaration of 'GpioSetupIntrSystem' was here
 int GpioSetupIntrSystem(INTC *IntcInstancePtr, XGpio *InstancePtr,
     ^~~~~~~~~~~~~~~~~~~
make: *** [src/xgpio_intr_tapp_example.o] ´íÎó 1
23:17:53 **** Auto Build of configuration Debug for project int_test_bsp_xgpio_intr_tapp_example_1 ****
make pre-build main-build 
a9-linaro-pre-build-step
' '
'Building file: ../src/xgpio_intr_tapp_example.c'
'Invoking: ARM v7 gcc compiler'
arm-none-eabi-gcc -Wall -O0 -g3 -c -fmessage-length=0 -MT"src/xgpio_intr_tapp_example.o" -mcpu=cortex-a9 -mfpu=vfpv3 -mfloat-abi=hard -I../../int_test_bsp/ps7_cortexa9_0/include -MMD -MP -MF"src/xgpio_intr_tapp_example.d" -MT"src/xgpio_intr_tapp_example.o" -o "src/xgpio_intr_tapp_example.o" "../src/xgpio_intr_tapp_example.c"
../src/xgpio_intr_tapp_example.c: In function 'GpioIntrExample':
../src/xgpio_intr_tapp_example.c:119:11: error: too many arguments to function 'GpioSetupIntrSystem'
  Status = GpioSetupIntrSystem(IntcInstancePtr, InstancePtr, DeviceId,
           ^~~~~~~~~~~~~~~~~~~
../src/xgpio_intr_tapp_example.c:30:5: note: declared here
 int GpioSetupIntrSystem(INTC *IntcInstancePtr, void *InstancePtr, u16 IntrId);
     ^~~~~~~~~~~~~~~~~~~
make: *** [src/xgpio_intr_tapp_example.o] ´íÎó 1
23:18:07 **** Auto Build of configuration Debug for project int_test_bsp_xgpio_intr_tapp_example_1 ****
make pre-build main-build 
a9-linaro-pre-build-step
' '
'Building file: ../src/xgpio_intr_tapp_example.c'
'Invoking: ARM v7 gcc compiler'
arm-none-eabi-gcc -Wall -O0 -g3 -c -fmessage-length=0 -MT"src/xgpio_intr_tapp_example.o" -mcpu=cortex-a9 -mfpu=vfpv3 -mfloat-abi=hard -I../../int_test_bsp/ps7_cortexa9_0/include -MMD -MP -MF"src/xgpio_intr_tapp_example.d" -MT"src/xgpio_intr_tapp_example.o" -o "src/xgpio_intr_tapp_example.o" "../src/xgpio_intr_tapp_example.c"
'Finished building: ../src/xgpio_intr_tapp_example.c'
' '
'Building target: int_test_bsp_xgpio_intr_tapp_example_1.elf'
'Invoking: ARM v7 gcc linker'
arm-none-eabi-gcc -mcpu=cortex-a9 -mfpu=vfpv3 -mfloat-abi=hard -Wl,-build-id=none -specs=Xilinx.spec -Wl,-T -Wl,../src/lscript.ld -L../../int_test_bsp/ps7_cortexa9_0/lib -o "int_test_bsp_xgpio_intr_tapp_example_1.elf"  ./src/xgpio_intr_tapp_example.o   -Wl,--start-group,-lxil,-lgcc,-lc,--end-group
'Finished building target: int_test_bsp_xgpio_intr_tapp_example_1.elf'
' '
'Invoking: ARM v7 Print Size'
arm-none-eabi-size int_test_bsp_xgpio_intr_tapp_example_1.elf  |tee "int_test_bsp_xgpio_intr_tapp_example_1.elf.size"
   text	   data	    bss	    dec	    hex	filename
  25376	   2752	  22616	  50744	   c638	int_test_bsp_xgpio_intr_tapp_example_1.elf
'Finished building: int_test_bsp_xgpio_intr_tapp_example_1.elf.size'
' '
23:18:36 **** Auto Build of configuration Debug for project int_test_bsp_xgpio_intr_tapp_example_1 ****
make pre-build main-build 
a9-linaro-pre-build-step
' '
'Building file: ../src/xgpio_intr_tapp_example.c'
'Invoking: ARM v7 gcc compiler'
arm-none-eabi-gcc -Wall -O0 -g3 -c -fmessage-length=0 -MT"src/xgpio_intr_tapp_example.o" -mcpu=cortex-a9 -mfpu=vfpv3 -mfloat-abi=hard -I../../int_test_bsp/ps7_cortexa9_0/include -MMD -MP -MF"src/xgpio_intr_tapp_example.d" -MT"src/xgpio_intr_tapp_example.o" -o "src/xgpio_intr_tapp_example.o" "../src/xgpio_intr_tapp_example.c"
'Finished building: ../src/xgpio_intr_tapp_example.c'
' '
'Building target: int_test_bsp_xgpio_intr_tapp_example_1.elf'
'Invoking: ARM v7 gcc linker'
arm-none-eabi-gcc -mcpu=cortex-a9 -mfpu=vfpv3 -mfloat-abi=hard -Wl,-build-id=none -specs=Xilinx.spec -Wl,-T -Wl,../src/lscript.ld -L../../int_test_bsp/ps7_cortexa9_0/lib -o "int_test_bsp_xgpio_intr_tapp_example_1.elf"  ./src/xgpio_intr_tapp_example.o   -Wl,--start-group,-lxil,-lgcc,-lc,--end-group
'Finished building target: int_test_bsp_xgpio_intr_tapp_example_1.elf'
' '
'Invoking: ARM v7 Print Size'
arm-none-eabi-size int_test_bsp_xgpio_intr_tapp_example_1.elf  |tee "int_test_bsp_xgpio_intr_tapp_example_1.elf.size"
   text	   data	    bss	    dec	    hex	filename
  25376	   2752	  22616	  50744	   c638	int_test_bsp_xgpio_intr_tapp_example_1.elf
'Finished building: int_test_bsp_xgpio_intr_tapp_example_1.elf.size'
' '
23:18:50 **** Auto Build of configuration Debug for project int_test_bsp_xgpio_intr_tapp_example_1 ****
make pre-build main-build 
a9-linaro-pre-build-step
' '
'Building file: ../src/xgpio_intr_tapp_example.c'
'Invoking: ARM v7 gcc compiler'
arm-none-eabi-gcc -Wall -O0 -g3 -c -fmessage-length=0 -MT"src/xgpio_intr_tapp_example.o" -mcpu=cortex-a9 -mfpu=vfpv3 -mfloat-abi=hard -I../../int_test_bsp/ps7_cortexa9_0/include -MMD -MP -MF"src/xgpio_intr_tapp_example.d" -MT"src/xgpio_intr_tapp_example.o" -o "src/xgpio_intr_tapp_example.o" "../src/xgpio_intr_tapp_example.c"
'Finished building: ../src/xgpio_intr_tapp_example.c'
' '
'Building target: int_test_bsp_xgpio_intr_tapp_example_1.elf'
'Invoking: ARM v7 gcc linker'
arm-none-eabi-gcc -mcpu=cortex-a9 -mfpu=vfpv3 -mfloat-abi=hard -Wl,-build-id=none -specs=Xilinx.spec -Wl,-T -Wl,../src/lscript.ld -L../../int_test_bsp/ps7_cortexa9_0/lib -o "int_test_bsp_xgpio_intr_tapp_example_1.elf"  ./src/xgpio_intr_tapp_example.o   -Wl,--start-group,-lxil,-lgcc,-lc,--end-group
'Finished building target: int_test_bsp_xgpio_intr_tapp_example_1.elf'
' '
'Invoking: ARM v7 Print Size'
arm-none-eabi-size int_test_bsp_xgpio_intr_tapp_example_1.elf  |tee "int_test_bsp_xgpio_intr_tapp_example_1.elf.size"
   text	   data	    bss	    dec	    hex	filename
  25376	   2752	  22616	  50744	   c638	int_test_bsp_xgpio_intr_tapp_example_1.elf
'Finished building: int_test_bsp_xgpio_intr_tapp_example_1.elf.size'
' '
23:20:54 **** Auto Build of configuration Debug for project int_test_bsp_xgpio_intr_tapp_example_1 ****
make pre-build main-build 
a9-linaro-pre-build-step
' '
'Building file: ../src/xgpio_intr_tapp_example.c'
'Invoking: ARM v7 gcc compiler'
arm-none-eabi-gcc -Wall -O0 -g3 -c -fmessage-length=0 -MT"src/xgpio_intr_tapp_example.o" -mcpu=cortex-a9 -mfpu=vfpv3 -mfloat-abi=hard -I../../int_test_bsp/ps7_cortexa9_0/include -MMD -MP -MF"src/xgpio_intr_tapp_example.d" -MT"src/xgpio_intr_tapp_example.o" -o "src/xgpio_intr_tapp_example.o" "../src/xgpio_intr_tapp_example.c"
'Finished building: ../src/xgpio_intr_tapp_example.c'
' '
'Building target: int_test_bsp_xgpio_intr_tapp_example_1.elf'
'Invoking: ARM v7 gcc linker'
arm-none-eabi-gcc -mcpu=cortex-a9 -mfpu=vfpv3 -mfloat-abi=hard -Wl,-build-id=none -specs=Xilinx.spec -Wl,-T -Wl,../src/lscript.ld -L../../int_test_bsp/ps7_cortexa9_0/lib -o "int_test_bsp_xgpio_intr_tapp_example_1.elf"  ./src/xgpio_intr_tapp_example.o   -Wl,--start-group,-lxil,-lgcc,-lc,--end-group
'Finished building target: int_test_bsp_xgpio_intr_tapp_example_1.elf'
' '
'Invoking: ARM v7 Print Size'
arm-none-eabi-size int_test_bsp_xgpio_intr_tapp_example_1.elf  |tee "int_test_bsp_xgpio_intr_tapp_example_1.elf.size"
   text	   data	    bss	    dec	    hex	filename
  25376	   2752	  22616	  50744	   c638	int_test_bsp_xgpio_intr_tapp_example_1.elf
'Finished building: int_test_bsp_xgpio_intr_tapp_example_1.elf.size'
' '
23:23:06 **** Auto Build of configuration Debug for project int_test_bsp_xgpio_intr_tapp_example_1 ****
make pre-build main-build 
a9-linaro-pre-build-step
' '
'Building file: ../src/xgpio_intr_tapp_example.c'
'Invoking: ARM v7 gcc compiler'
arm-none-eabi-gcc -Wall -O0 -g3 -c -fmessage-length=0 -MT"src/xgpio_intr_tapp_example.o" -mcpu=cortex-a9 -mfpu=vfpv3 -mfloat-abi=hard -I../../int_test_bsp/ps7_cortexa9_0/include -MMD -MP -MF"src/xgpio_intr_tapp_example.d" -MT"src/xgpio_intr_tapp_example.o" -o "src/xgpio_intr_tapp_example.o" "../src/xgpio_intr_tapp_example.c"
../src/xgpio_intr_tapp_example.c: In function 'main':
../src/xgpio_intr_tapp_example.c:65:6: warning: unused variable 'DataRead' [-Wunused-variable]
  u32 DataRead;
      ^~~~~~~~
'Finished building: ../src/xgpio_intr_tapp_example.c'
' '
'Building target: int_test_bsp_xgpio_intr_tapp_example_1.elf'
'Invoking: ARM v7 gcc linker'
arm-none-eabi-gcc -mcpu=cortex-a9 -mfpu=vfpv3 -mfloat-abi=hard -Wl,-build-id=none -specs=Xilinx.spec -Wl,-T -Wl,../src/lscript.ld -L../../int_test_bsp/ps7_cortexa9_0/lib -o "int_test_bsp_xgpio_intr_tapp_example_1.elf"  ./src/xgpio_intr_tapp_example.o   -Wl,--start-group,-lxil,-lgcc,-lc,--end-group
'Finished building target: int_test_bsp_xgpio_intr_tapp_example_1.elf'
' '
'Invoking: ARM v7 Print Size'
arm-none-eabi-size int_test_bsp_xgpio_intr_tapp_example_1.elf  |tee "int_test_bsp_xgpio_intr_tapp_example_1.elf.size"
   text	   data	    bss	    dec	    hex	filename
  25368	   2752	  22616	  50736	   c630	int_test_bsp_xgpio_intr_tapp_example_1.elf
'Finished building: int_test_bsp_xgpio_intr_tapp_example_1.elf.size'
' '
23:23:29 **** Auto Build of configuration Debug for project int_test_bsp_xgpio_intr_tapp_example_1 ****
make pre-build main-build 
a9-linaro-pre-build-step
' '
'Building file: ../src/xgpio_intr_tapp_example.c'
'Invoking: ARM v7 gcc compiler'
arm-none-eabi-gcc -Wall -O0 -g3 -c -fmessage-length=0 -MT"src/xgpio_intr_tapp_example.o" -mcpu=cortex-a9 -mfpu=vfpv3 -mfloat-abi=hard -I../../int_test_bsp/ps7_cortexa9_0/include -MMD -MP -MF"src/xgpio_intr_tapp_example.d" -MT"src/xgpio_intr_tapp_example.o" -o "src/xgpio_intr_tapp_example.o" "../src/xgpio_intr_tapp_example.c"
'Finished building: ../src/xgpio_intr_tapp_example.c'
' '
'Building target: int_test_bsp_xgpio_intr_tapp_example_1.elf'
'Invoking: ARM v7 gcc linker'
arm-none-eabi-gcc -mcpu=cortex-a9 -mfpu=vfpv3 -mfloat-abi=hard -Wl,-build-id=none -specs=Xilinx.spec -Wl,-T -Wl,../src/lscript.ld -L../../int_test_bsp/ps7_cortexa9_0/lib -o "int_test_bsp_xgpio_intr_tapp_example_1.elf"  ./src/xgpio_intr_tapp_example.o   -Wl,--start-group,-lxil,-lgcc,-lc,--end-group
'Finished building target: int_test_bsp_xgpio_intr_tapp_example_1.elf'
' '
'Invoking: ARM v7 Print Size'
arm-none-eabi-size int_test_bsp_xgpio_intr_tapp_example_1.elf  |tee "int_test_bsp_xgpio_intr_tapp_example_1.elf.size"
   text	   data	    bss	    dec	    hex	filename
  25368	   2752	  22616	  50736	   c630	int_test_bsp_xgpio_intr_tapp_example_1.elf
'Finished building: int_test_bsp_xgpio_intr_tapp_example_1.elf.size'
' '
23:23:57 **** Auto Build of configuration Debug for project int_test_bsp_xgpio_intr_tapp_example_1 ****
make pre-build main-build 
a9-linaro-pre-build-step
' '
'Building file: ../src/xgpio_intr_tapp_example.c'
'Invoking: ARM v7 gcc compiler'
arm-none-eabi-gcc -Wall -O0 -g3 -c -fmessage-length=0 -MT"src/xgpio_intr_tapp_example.o" -mcpu=cortex-a9 -mfpu=vfpv3 -mfloat-abi=hard -I../../int_test_bsp/ps7_cortexa9_0/include -MMD -MP -MF"src/xgpio_intr_tapp_example.d" -MT"src/xgpio_intr_tapp_example.o" -o "src/xgpio_intr_tapp_example.o" "../src/xgpio_intr_tapp_example.c"
../src/xgpio_intr_tapp_example.c: In function 'GpioIntrExample':
../src/xgpio_intr_tapp_example.c:90:2: error: 'IntrFlag' undeclared (first use in this function); did you mean 'IntrMask'?
  IntrFlag = 0;
  ^~~~~~~~
  IntrMask
../src/xgpio_intr_tapp_example.c:90:2: note: each undeclared identifier is reported only once for each function it appears in
make: *** [src/xgpio_intr_tapp_example.o] ´íÎó 1
23:24:14 **** Auto Build of configuration Debug for project int_test_bsp_xgpio_intr_tapp_example_1 ****
make pre-build main-build 
a9-linaro-pre-build-step
' '
'Building file: ../src/xgpio_intr_tapp_example.c'
'Invoking: ARM v7 gcc compiler'
arm-none-eabi-gcc -Wall -O0 -g3 -c -fmessage-length=0 -MT"src/xgpio_intr_tapp_example.o" -mcpu=cortex-a9 -mfpu=vfpv3 -mfloat-abi=hard -I../../int_test_bsp/ps7_cortexa9_0/include -MMD -MP -MF"src/xgpio_intr_tapp_example.d" -MT"src/xgpio_intr_tapp_example.o" -o "src/xgpio_intr_tapp_example.o" "../src/xgpio_intr_tapp_example.c"
'Finished building: ../src/xgpio_intr_tapp_example.c'
' '
'Building target: int_test_bsp_xgpio_intr_tapp_example_1.elf'
'Invoking: ARM v7 gcc linker'
arm-none-eabi-gcc -mcpu=cortex-a9 -mfpu=vfpv3 -mfloat-abi=hard -Wl,-build-id=none -specs=Xilinx.spec -Wl,-T -Wl,../src/lscript.ld -L../../int_test_bsp/ps7_cortexa9_0/lib -o "int_test_bsp_xgpio_intr_tapp_example_1.elf"  ./src/xgpio_intr_tapp_example.o   -Wl,--start-group,-lxil,-lgcc,-lc,--end-group
'Finished building target: int_test_bsp_xgpio_intr_tapp_example_1.elf'
' '
'Invoking: ARM v7 Print Size'
arm-none-eabi-size int_test_bsp_xgpio_intr_tapp_example_1.elf  |tee "int_test_bsp_xgpio_intr_tapp_example_1.elf.size"
   text	   data	    bss	    dec	    hex	filename
  25352	   2752	  22616	  50720	   c620	int_test_bsp_xgpio_intr_tapp_example_1.elf
'Finished building: int_test_bsp_xgpio_intr_tapp_example_1.elf.size'
' '
23:24:57 **** Auto Build of configuration Debug for project int_test_bsp_xgpio_intr_tapp_example_1 ****
make pre-build main-build 
a9-linaro-pre-build-step
' '
'Building file: ../src/xgpio_intr_tapp_example.c'
'Invoking: ARM v7 gcc compiler'
arm-none-eabi-gcc -Wall -O0 -g3 -c -fmessage-length=0 -MT"src/xgpio_intr_tapp_example.o" -mcpu=cortex-a9 -mfpu=vfpv3 -mfloat-abi=hard -I../../int_test_bsp/ps7_cortexa9_0/include -MMD -MP -MF"src/xgpio_intr_tapp_example.d" -MT"src/xgpio_intr_tapp_example.o" -o "src/xgpio_intr_tapp_example.o" "../src/xgpio_intr_tapp_example.c"
'Finished building: ../src/xgpio_intr_tapp_example.c'
' '
'Building target: int_test_bsp_xgpio_intr_tapp_example_1.elf'
'Invoking: ARM v7 gcc linker'
arm-none-eabi-gcc -mcpu=cortex-a9 -mfpu=vfpv3 -mfloat-abi=hard -Wl,-build-id=none -specs=Xilinx.spec -Wl,-T -Wl,../src/lscript.ld -L../../int_test_bsp/ps7_cortexa9_0/lib -o "int_test_bsp_xgpio_intr_tapp_example_1.elf"  ./src/xgpio_intr_tapp_example.o   -Wl,--start-group,-lxil,-lgcc,-lc,--end-group
'Finished building target: int_test_bsp_xgpio_intr_tapp_example_1.elf'
' '
'Invoking: ARM v7 Print Size'
arm-none-eabi-size int_test_bsp_xgpio_intr_tapp_example_1.elf  |tee "int_test_bsp_xgpio_intr_tapp_example_1.elf.size"
   text	   data	    bss	    dec	    hex	filename
  25352	   2752	  22616	  50720	   c620	int_test_bsp_xgpio_intr_tapp_example_1.elf
'Finished building: int_test_bsp_xgpio_intr_tapp_example_1.elf.size'
' '
23:25:07 **** Auto Build of configuration Debug for project int_test_bsp_xgpio_intr_tapp_example_1 ****
make pre-build main-build 
a9-linaro-pre-build-step
' '
'Building file: ../src/xgpio_intr_tapp_example.c'
'Invoking: ARM v7 gcc compiler'
arm-none-eabi-gcc -Wall -O0 -g3 -c -fmessage-length=0 -MT"src/xgpio_intr_tapp_example.o" -mcpu=cortex-a9 -mfpu=vfpv3 -mfloat-abi=hard -I../../int_test_bsp/ps7_cortexa9_0/include -MMD -MP -MF"src/xgpio_intr_tapp_example.d" -MT"src/xgpio_intr_tapp_example.o" -o "src/xgpio_intr_tapp_example.o" "../src/xgpio_intr_tapp_example.c"
'Finished building: ../src/xgpio_intr_tapp_example.c'
' '
'Building target: int_test_bsp_xgpio_intr_tapp_example_1.elf'
'Invoking: ARM v7 gcc linker'
arm-none-eabi-gcc -mcpu=cortex-a9 -mfpu=vfpv3 -mfloat-abi=hard -Wl,-build-id=none -specs=Xilinx.spec -Wl,-T -Wl,../src/lscript.ld -L../../int_test_bsp/ps7_cortexa9_0/lib -o "int_test_bsp_xgpio_intr_tapp_example_1.elf"  ./src/xgpio_intr_tapp_example.o   -Wl,--start-group,-lxil,-lgcc,-lc,--end-group
'Finished building target: int_test_bsp_xgpio_intr_tapp_example_1.elf'
' '
'Invoking: ARM v7 Print Size'
arm-none-eabi-size int_test_bsp_xgpio_intr_tapp_example_1.elf  |tee "int_test_bsp_xgpio_intr_tapp_example_1.elf.size"
   text	   data	    bss	    dec	    hex	filename
  25352	   2752	  22616	  50720	   c620	int_test_bsp_xgpio_intr_tapp_example_1.elf
'Finished building: int_test_bsp_xgpio_intr_tapp_example_1.elf.size'
' '
23:26:50 **** Auto Build of configuration Debug for project int_test_bsp_xgpio_intr_tapp_example_1 ****
make pre-build main-build 
a9-linaro-pre-build-step
' '
'Building file: ../src/xgpio_intr_tapp_example.c'
'Invoking: ARM v7 gcc compiler'
arm-none-eabi-gcc -Wall -O0 -g3 -c -fmessage-length=0 -MT"src/xgpio_intr_tapp_example.o" -mcpu=cortex-a9 -mfpu=vfpv3 -mfloat-abi=hard -I../../int_test_bsp/ps7_cortexa9_0/include -MMD -MP -MF"src/xgpio_intr_tapp_example.d" -MT"src/xgpio_intr_tapp_example.o" -o "src/xgpio_intr_tapp_example.o" "../src/xgpio_intr_tapp_example.c"
'Finished building: ../src/xgpio_intr_tapp_example.c'
' '
'Building target: int_test_bsp_xgpio_intr_tapp_example_1.elf'
'Invoking: ARM v7 gcc linker'
arm-none-eabi-gcc -mcpu=cortex-a9 -mfpu=vfpv3 -mfloat-abi=hard -Wl,-build-id=none -specs=Xilinx.spec -Wl,-T -Wl,../src/lscript.ld -L../../int_test_bsp/ps7_cortexa9_0/lib -o "int_test_bsp_xgpio_intr_tapp_example_1.elf"  ./src/xgpio_intr_tapp_example.o   -Wl,--start-group,-lxil,-lgcc,-lc,--end-group
'Finished building target: int_test_bsp_xgpio_intr_tapp_example_1.elf'
' '
'Invoking: ARM v7 Print Size'
arm-none-eabi-size int_test_bsp_xgpio_intr_tapp_example_1.elf  |tee "int_test_bsp_xgpio_intr_tapp_example_1.elf.size"
   text	   data	    bss	    dec	    hex	filename
  25352	   2752	  22616	  50720	   c620	int_test_bsp_xgpio_intr_tapp_example_1.elf
'Finished building: int_test_bsp_xgpio_intr_tapp_example_1.elf.size'
' '
23:27:43 **** Auto Build of configuration Debug for project int_test_bsp_xgpio_intr_tapp_example_1 ****
make pre-build main-build 
a9-linaro-pre-build-step
' '
'Building file: ../src/xgpio_intr_tapp_example.c'
'Invoking: ARM v7 gcc compiler'
arm-none-eabi-gcc -Wall -O0 -g3 -c -fmessage-length=0 -MT"src/xgpio_intr_tapp_example.o" -mcpu=cortex-a9 -mfpu=vfpv3 -mfloat-abi=hard -I../../int_test_bsp/ps7_cortexa9_0/include -MMD -MP -MF"src/xgpio_intr_tapp_example.d" -MT"src/xgpio_intr_tapp_example.o" -o "src/xgpio_intr_tapp_example.o" "../src/xgpio_intr_tapp_example.c"
'Finished building: ../src/xgpio_intr_tapp_example.c'
' '
'Building target: int_test_bsp_xgpio_intr_tapp_example_1.elf'
'Invoking: ARM v7 gcc linker'
arm-none-eabi-gcc -mcpu=cortex-a9 -mfpu=vfpv3 -mfloat-abi=hard -Wl,-build-id=none -specs=Xilinx.spec -Wl,-T -Wl,../src/lscript.ld -L../../int_test_bsp/ps7_cortexa9_0/lib -o "int_test_bsp_xgpio_intr_tapp_example_1.elf"  ./src/xgpio_intr_tapp_example.o   -Wl,--start-group,-lxil,-lgcc,-lc,--end-group
'Finished building target: int_test_bsp_xgpio_intr_tapp_example_1.elf'
' '
'Invoking: ARM v7 Print Size'
arm-none-eabi-size int_test_bsp_xgpio_intr_tapp_example_1.elf  |tee "int_test_bsp_xgpio_intr_tapp_example_1.elf.size"
   text	   data	    bss	    dec	    hex	filename
  25352	   2752	  22616	  50720	   c620	int_test_bsp_xgpio_intr_tapp_example_1.elf
'Finished building: int_test_bsp_xgpio_intr_tapp_example_1.elf.size'
' '
23:29:37 **** Auto Build of configuration Debug for project int_test_bsp_xgpio_intr_tapp_example_1 ****
make pre-build main-build 
a9-linaro-pre-build-step
' '
'Building file: ../src/xgpio_intr_tapp_example.c'
'Invoking: ARM v7 gcc compiler'
arm-none-eabi-gcc -Wall -O0 -g3 -c -fmessage-length=0 -MT"src/xgpio_intr_tapp_example.o" -mcpu=cortex-a9 -mfpu=vfpv3 -mfloat-abi=hard -I../../int_test_bsp/ps7_cortexa9_0/include -MMD -MP -MF"src/xgpio_intr_tapp_example.d" -MT"src/xgpio_intr_tapp_example.o" -o "src/xgpio_intr_tapp_example.o" "../src/xgpio_intr_tapp_example.c"
'Finished building: ../src/xgpio_intr_tapp_example.c'
' '
'Building target: int_test_bsp_xgpio_intr_tapp_example_1.elf'
'Invoking: ARM v7 gcc linker'
arm-none-eabi-gcc -mcpu=cortex-a9 -mfpu=vfpv3 -mfloat-abi=hard -Wl,-build-id=none -specs=Xilinx.spec -Wl,-T -Wl,../src/lscript.ld -L../../int_test_bsp/ps7_cortexa9_0/lib -o "int_test_bsp_xgpio_intr_tapp_example_1.elf"  ./src/xgpio_intr_tapp_example.o   -Wl,--start-group,-lxil,-lgcc,-lc,--end-group
'Finished building target: int_test_bsp_xgpio_intr_tapp_example_1.elf'
' '
'Invoking: ARM v7 Print Size'
arm-none-eabi-size int_test_bsp_xgpio_intr_tapp_example_1.elf  |tee "int_test_bsp_xgpio_intr_tapp_example_1.elf.size"
   text	   data	    bss	    dec	    hex	filename
  25352	   2752	  22616	  50720	   c620	int_test_bsp_xgpio_intr_tapp_example_1.elf
'Finished building: int_test_bsp_xgpio_intr_tapp_example_1.elf.size'
' '
01:41:01 **** Auto Build of configuration Debug for project int_test_bsp_xgpio_intr_tapp_example_1 ****
make pre-build main-build 
a9-linaro-pre-build-step
' '
'Building file: ../src/xgpio_intr_tapp_example.c'
'Invoking: ARM v7 gcc compiler'
arm-none-eabi-gcc -Wall -O0 -g3 -c -fmessage-length=0 -MT"src/xgpio_intr_tapp_example.o" -mcpu=cortex-a9 -mfpu=vfpv3 -mfloat-abi=hard -I../../int_test_bsp/ps7_cortexa9_0/include -MMD -MP -MF"src/xgpio_intr_tapp_example.d" -MT"src/xgpio_intr_tapp_example.o" -o "src/xgpio_intr_tapp_example.o" "../src/xgpio_intr_tapp_example.c"
'Finished building: ../src/xgpio_intr_tapp_example.c'
' '
'Building target: int_test_bsp_xgpio_intr_tapp_example_1.elf'
'Invoking: ARM v7 gcc linker'
arm-none-eabi-gcc -mcpu=cortex-a9 -mfpu=vfpv3 -mfloat-abi=hard -Wl,-build-id=none -specs=Xilinx.spec -Wl,-T -Wl,../src/lscript.ld -L../../int_test_bsp/ps7_cortexa9_0/lib -o "int_test_bsp_xgpio_intr_tapp_example_1.elf"  ./src/xgpio_intr_tapp_example.o   -Wl,--start-group,-lxil,-lgcc,-lc,--end-group
'Finished building target: int_test_bsp_xgpio_intr_tapp_example_1.elf'
' '
'Invoking: ARM v7 Print Size'
arm-none-eabi-size int_test_bsp_xgpio_intr_tapp_example_1.elf  |tee "int_test_bsp_xgpio_intr_tapp_example_1.elf.size"
   text	   data	    bss	    dec	    hex	filename
  25348	   2752	  22616	  50716	   c61c	int_test_bsp_xgpio_intr_tapp_example_1.elf
'Finished building: int_test_bsp_xgpio_intr_tapp_example_1.elf.size'
' '
03:04:59 **** Auto Build of configuration Debug for project int_test_bsp_xgpio_intr_tapp_example_1 ****
make pre-build main-build 
a9-linaro-pre-build-step
' '
'Building file: ../src/xgpio_intr_tapp_example.c'
'Invoking: ARM v7 gcc compiler'
arm-none-eabi-gcc -Wall -O0 -g3 -c -fmessage-length=0 -MT"src/xgpio_intr_tapp_example.o" -mcpu=cortex-a9 -mfpu=vfpv3 -mfloat-abi=hard -I../../int_test_bsp/ps7_cortexa9_0/include -MMD -MP -MF"src/xgpio_intr_tapp_example.d" -MT"src/xgpio_intr_tapp_example.o" -o "src/xgpio_intr_tapp_example.o" "../src/xgpio_intr_tapp_example.c"
'Finished building: ../src/xgpio_intr_tapp_example.c'
' '
'Building target: int_test_bsp_xgpio_intr_tapp_example_1.elf'
'Invoking: ARM v7 gcc linker'
arm-none-eabi-gcc -mcpu=cortex-a9 -mfpu=vfpv3 -mfloat-abi=hard -Wl,-build-id=none -specs=Xilinx.spec -Wl,-T -Wl,../src/lscript.ld -L../../int_test_bsp/ps7_cortexa9_0/lib -o "int_test_bsp_xgpio_intr_tapp_example_1.elf"  ./src/xgpio_intr_tapp_example.o   -Wl,--start-group,-lxil,-lgcc,-lc,--end-group
'Finished building target: int_test_bsp_xgpio_intr_tapp_example_1.elf'
' '
'Invoking: ARM v7 Print Size'
arm-none-eabi-size int_test_bsp_xgpio_intr_tapp_example_1.elf  |tee "int_test_bsp_xgpio_intr_tapp_example_1.elf.size"
   text	   data	    bss	    dec	    hex	filename
  25364	   2752	  22616	  50732	   c62c	int_test_bsp_xgpio_intr_tapp_example_1.elf
'Finished building: int_test_bsp_xgpio_intr_tapp_example_1.elf.size'
' '
03:13:35 **** Auto Build of configuration Debug for project int_test_bsp_xgpio_intr_tapp_example_1 ****
make pre-build main-build 
a9-linaro-pre-build-step
' '
'Building file: ../src/xgpio_intr_tapp_example.c'
'Invoking: ARM v7 gcc compiler'
arm-none-eabi-gcc -Wall -O0 -g3 -c -fmessage-length=0 -MT"src/xgpio_intr_tapp_example.o" -mcpu=cortex-a9 -mfpu=vfpv3 -mfloat-abi=hard -I../../int_test_bsp/ps7_cortexa9_0/include -MMD -MP -MF"src/xgpio_intr_tapp_example.d" -MT"src/xgpio_intr_tapp_example.o" -o "src/xgpio_intr_tapp_example.o" "../src/xgpio_intr_tapp_example.c"
../src/xgpio_intr_tapp_example.c: In function 'GpioHandler':
../src/xgpio_intr_tapp_example.c:139:25: error: 'InstancePtr' undeclared (first use in this function)
  XGpio_InterruptDisable(InstancePtr, 1);
                         ^~~~~~~~~~~
../src/xgpio_intr_tapp_example.c:139:25: note: each undeclared identifier is reported only once for each function it appears in
../src/xgpio_intr_tapp_example.c:142:2: warning: implicit declaration of function 'printf' [-Wimplicit-function-declaration]
  printf("Trigger INT, Read Btn8bit = 0x%x", XGpio_DiscreteRead(InstancePtr, 1));
  ^~~~~~
../src/xgpio_intr_tapp_example.c:142:2: warning: incompatible implicit declaration of built-in function 'printf'
../src/xgpio_intr_tapp_example.c:142:2: note: include '<stdio.h>' or provide a declaration of 'printf'
make: *** [src/xgpio_intr_tapp_example.o] ´íÎó 1
03:13:51 **** Auto Build of configuration Debug for project int_test_bsp_xgpio_intr_tapp_example_1 ****
make pre-build main-build 
a9-linaro-pre-build-step
' '
'Building file: ../src/xgpio_intr_tapp_example.c'
'Invoking: ARM v7 gcc compiler'
arm-none-eabi-gcc -Wall -O0 -g3 -c -fmessage-length=0 -MT"src/xgpio_intr_tapp_example.o" -mcpu=cortex-a9 -mfpu=vfpv3 -mfloat-abi=hard -I../../int_test_bsp/ps7_cortexa9_0/include -MMD -MP -MF"src/xgpio_intr_tapp_example.d" -MT"src/xgpio_intr_tapp_example.o" -o "src/xgpio_intr_tapp_example.o" "../src/xgpio_intr_tapp_example.c"
../src/xgpio_intr_tapp_example.c: In function 'GpioHandler':
../src/xgpio_intr_tapp_example.c:141:25: error: 'InstancePtr' undeclared (first use in this function)
  XGpio_InterruptDisable(InstancePtr, 1);
                         ^~~~~~~~~~~
../src/xgpio_intr_tapp_example.c:141:25: note: each undeclared identifier is reported only once for each function it appears in
../src/xgpio_intr_tapp_example.c:142:2: warning: implicit declaration of function 'printf' [-Wimplicit-function-declaration]
  printf("Trigger INT, Read Btn8bit = 0x%x\n", XGpio_DiscreteRead(InstancePtr, 1));
  ^~~~~~
../src/xgpio_intr_tapp_example.c:142:2: warning: incompatible implicit declaration of built-in function 'printf'
../src/xgpio_intr_tapp_example.c:142:2: note: include '<stdio.h>' or provide a declaration of 'printf'
make: *** [src/xgpio_intr_tapp_example.o] ´íÎó 1
03:14:09 **** Auto Build of configuration Debug for project int_test_bsp_xgpio_intr_tapp_example_1 ****
make pre-build main-build 
a9-linaro-pre-build-step
' '
'Building file: ../src/xgpio_intr_tapp_example.c'
'Invoking: ARM v7 gcc compiler'
arm-none-eabi-gcc -Wall -O0 -g3 -c -fmessage-length=0 -MT"src/xgpio_intr_tapp_example.o" -mcpu=cortex-a9 -mfpu=vfpv3 -mfloat-abi=hard -I../../int_test_bsp/ps7_cortexa9_0/include -MMD -MP -MF"src/xgpio_intr_tapp_example.d" -MT"src/xgpio_intr_tapp_example.o" -o "src/xgpio_intr_tapp_example.o" "../src/xgpio_intr_tapp_example.c"
../src/xgpio_intr_tapp_example.c: In function 'GpioHandler':
../src/xgpio_intr_tapp_example.c:142:2: warning: implicit declaration of function 'printf' [-Wimplicit-function-declaration]
  printf("Trigger INT, Read Btn8bit = 0x%x\n", XGpio_DiscreteRead(GpioPtr, 1));
  ^~~~~~
../src/xgpio_intr_tapp_example.c:142:2: warning: incompatible implicit declaration of built-in function 'printf'
../src/xgpio_intr_tapp_example.c:142:2: note: include '<stdio.h>' or provide a declaration of 'printf'
../src/xgpio_intr_tapp_example.c:142:41: warning: format '%x' expects argument of type 'unsigned int', but argument 2 has type 'u32 {aka long unsigned int}' [-Wformat=]
  printf("Trigger INT, Read Btn8bit = 0x%x\n", XGpio_DiscreteRead(GpioPtr, 1));
                                        ~^     ~~~~~~~~~~~~~~~~~~~~~~~~~~~~~~
                                        %lx
'Finished building: ../src/xgpio_intr_tapp_example.c'
' '
'Building target: int_test_bsp_xgpio_intr_tapp_example_1.elf'
'Invoking: ARM v7 gcc linker'
arm-none-eabi-gcc -mcpu=cortex-a9 -mfpu=vfpv3 -mfloat-abi=hard -Wl,-build-id=none -specs=Xilinx.spec -Wl,-T -Wl,../src/lscript.ld -L../../int_test_bsp/ps7_cortexa9_0/lib -o "int_test_bsp_xgpio_intr_tapp_example_1.elf"  ./src/xgpio_intr_tapp_example.o   -Wl,--start-group,-lxil,-lgcc,-lc,--end-group
'Finished building target: int_test_bsp_xgpio_intr_tapp_example_1.elf'
' '
'Invoking: ARM v7 Print Size'
arm-none-eabi-size int_test_bsp_xgpio_intr_tapp_example_1.elf  |tee "int_test_bsp_xgpio_intr_tapp_example_1.elf.size"
   text	   data	    bss	    dec	    hex	filename
  76484	   4188	  23376	 104048	  19670	int_test_bsp_xgpio_intr_tapp_example_1.elf
'Finished building: int_test_bsp_xgpio_intr_tapp_example_1.elf.size'
' '
03:14:51 **** Incremental Build of configuration Debug for project int_test_bsp_xgpio_intr_tapp_example_1 ****
make pre-build main-build 
a9-linaro-pre-build-step
' '
make: Nothing to be done for `main-build'.
03:15:44 **** Incremental Build of configuration Debug for project int_test_bsp_xgpio_intr_tapp_example_1 ****
make pre-build main-build 
a9-linaro-pre-build-step
' '
make: Nothing to be done for `main-build'.
03:16:45 **** Incremental Build of configuration Debug for project int_test_bsp_xgpio_intr_tapp_example_1 ****
make pre-build main-build 
a9-linaro-pre-build-step
' '
make: Nothing to be done for `main-build'.
03:20:20 **** Auto Build of configuration Debug for project int_test_bsp_xgpio_intr_tapp_example_1 ****
make pre-build main-build 
a9-linaro-pre-build-step
' '
'Building file: ../src/xgpio_intr_tapp_example.c'
'Invoking: ARM v7 gcc compiler'
arm-none-eabi-gcc -Wall -O0 -g3 -c -fmessage-length=0 -MT"src/xgpio_intr_tapp_example.o" -mcpu=cortex-a9 -mfpu=vfpv3 -mfloat-abi=hard -I../../int_test_bsp/ps7_cortexa9_0/include -MMD -MP -MF"src/xgpio_intr_tapp_example.d" -MT"src/xgpio_intr_tapp_example.o" -o "src/xgpio_intr_tapp_example.o" "../src/xgpio_intr_tapp_example.c"
../src/xgpio_intr_tapp_example.c: In function 'GpioHandler':
../src/xgpio_intr_tapp_example.c:136:2: warning: implicit declaration of function 'printf' [-Wimplicit-function-declaration]
  printf("Trigger INT, Read Btn8bit = 0x%x\n", XGpio_DiscreteRead(GpioPtr, 1));
  ^~~~~~
../src/xgpio_intr_tapp_example.c:136:2: warning: incompatible implicit declaration of built-in function 'printf'
../src/xgpio_intr_tapp_example.c:136:2: note: include '<stdio.h>' or provide a declaration of 'printf'
../src/xgpio_intr_tapp_example.c:136:41: warning: format '%x' expects argument of type 'unsigned int', but argument 2 has type 'u32 {aka long unsigned int}' [-Wformat=]
  printf("Trigger INT, Read Btn8bit = 0x%x\n", XGpio_DiscreteRead(GpioPtr, 1));
                                        ~^     ~~~~~~~~~~~~~~~~~~~~~~~~~~~~~~
                                        %lx
'Finished building: ../src/xgpio_intr_tapp_example.c'
' '
'Building target: int_test_bsp_xgpio_intr_tapp_example_1.elf'
'Invoking: ARM v7 gcc linker'
arm-none-eabi-gcc -mcpu=cortex-a9 -mfpu=vfpv3 -mfloat-abi=hard -Wl,-build-id=none -specs=Xilinx.spec -Wl,-T -Wl,../src/lscript.ld -L../../int_test_bsp/ps7_cortexa9_0/lib -o "int_test_bsp_xgpio_intr_tapp_example_1.elf"  ./src/xgpio_intr_tapp_example.o   -Wl,--start-group,-lxil,-lgcc,-lc,--end-group
'Finished building target: int_test_bsp_xgpio_intr_tapp_example_1.elf'
' '
'Invoking: ARM v7 Print Size'
arm-none-eabi-size int_test_bsp_xgpio_intr_tapp_example_1.elf  |tee "int_test_bsp_xgpio_intr_tapp_example_1.elf.size"
   text	   data	    bss	    dec	    hex	filename
  76484	   4188	  23376	 104048	  19670	int_test_bsp_xgpio_intr_tapp_example_1.elf
'Finished building: int_test_bsp_xgpio_intr_tapp_example_1.elf.size'
' '
16:13:36 **** Clean-only build of project int_test_bsp ****
make -k clean 
make -C ps7_cortexa9_0/libsrc/coresightps_dcc_v1_4/src -s clean 
make -C ps7_cortexa9_0/libsrc/cpu_cortexa9_v2_6/src -s clean 
make -C ps7_cortexa9_0/libsrc/ddrps_v1_0/src -s clean 
make -C ps7_cortexa9_0/libsrc/devcfg_v3_5/src -s clean 
make -C ps7_cortexa9_0/libsrc/dmaps_v2_3/src -s clean 
make -C ps7_cortexa9_0/libsrc/gpio_v4_3/src -s clean 
make -C ps7_cortexa9_0/libsrc/gpiops_v3_3/src -s clean 
make -C ps7_cortexa9_0/libsrc/scugic_v3_9/src -s clean 
make -C ps7_cortexa9_0/libsrc/scutimer_v2_1/src -s clean 
make -C ps7_cortexa9_0/libsrc/scuwdt_v2_1/src -s clean 
make -C ps7_cortexa9_0/libsrc/standalone_v6_7/src -s clean 
make -C ps7_cortexa9_0/libsrc/uartps_v3_6/src -s clean 
make -C ps7_cortexa9_0/libsrc/xadcps_v2_2/src -s clean 
rm -f ps7_cortexa9_0/lib/libxil.a
16:13:39 **** Build of project int_test_bsp ****
make -k all 
"Running Make include in ps7_cortexa9_0/libsrc/coresightps_dcc_v1_4/src"
make -C ps7_cortexa9_0/libsrc/coresightps_dcc_v1_4/src -s include  "SHELL=CMD" "COMPILER=arm-none-eabi-gcc" "ARCHIVER=arm-none-eabi-ar" "COMPILER_FLAGS=  -O2 -c" "EXTRA_COMPILER_FLAGS=-mcpu=cortex-a9 -mfpu=vfpv3 -mfloat-abi=hard -nostartfiles -g -Wall -Wextra"
"Running Make include in ps7_cortexa9_0/libsrc/cpu_cortexa9_v2_6/src"
make -C ps7_cortexa9_0/libsrc/cpu_cortexa9_v2_6/src -s include  "SHELL=CMD" "COMPILER=arm-none-eabi-gcc" "ARCHIVER=arm-none-eabi-ar" "COMPILER_FLAGS=  -O2 -c" "EXTRA_COMPILER_FLAGS=-mcpu=cortex-a9 -mfpu=vfpv3 -mfloat-abi=hard -nostartfiles -g -Wall -Wextra"
"Running Make include in ps7_cortexa9_0/libsrc/ddrps_v1_0/src"
make -C ps7_cortexa9_0/libsrc/ddrps_v1_0/src -s include  "SHELL=CMD" "COMPILER=arm-none-eabi-gcc" "ARCHIVER=arm-none-eabi-ar" "COMPILER_FLAGS=  -O2 -c" "EXTRA_COMPILER_FLAGS=-mcpu=cortex-a9 -mfpu=vfpv3 -mfloat-abi=hard -nostartfiles -g -Wall -Wextra"
"Running Make include in ps7_cortexa9_0/libsrc/devcfg_v3_5/src"
make -C ps7_cortexa9_0/libsrc/devcfg_v3_5/src -s include  "SHELL=CMD" "COMPILER=arm-none-eabi-gcc" "ARCHIVER=arm-none-eabi-ar" "COMPILER_FLAGS=  -O2 -c" "EXTRA_COMPILER_FLAGS=-mcpu=cortex-a9 -mfpu=vfpv3 -mfloat-abi=hard -nostartfiles -g -Wall -Wextra"
"Running Make include in ps7_cortexa9_0/libsrc/dmaps_v2_3/src"
make -C ps7_cortexa9_0/libsrc/dmaps_v2_3/src -s include  "SHELL=CMD" "COMPILER=arm-none-eabi-gcc" "ARCHIVER=arm-none-eabi-ar" "COMPILER_FLAGS=  -O2 -c" "EXTRA_COMPILER_FLAGS=-mcpu=cortex-a9 -mfpu=vfpv3 -mfloat-abi=hard -nostartfiles -g -Wall -Wextra"
"Running Make include in ps7_cortexa9_0/libsrc/gpio_v4_3/src"
make -C ps7_cortexa9_0/libsrc/gpio_v4_3/src -s include  "SHELL=CMD" "COMPILER=arm-none-eabi-gcc" "ARCHIVER=arm-none-eabi-ar" "COMPILER_FLAGS=  -O2 -c" "EXTRA_COMPILER_FLAGS=-mcpu=cortex-a9 -mfpu=vfpv3 -mfloat-abi=hard -nostartfiles -g -Wall -Wextra"
"Running Make include in ps7_cortexa9_0/libsrc/gpiops_v3_3/src"
make -C ps7_cortexa9_0/libsrc/gpiops_v3_3/src -s include  "SHELL=CMD" "COMPILER=arm-none-eabi-gcc" "ARCHIVER=arm-none-eabi-ar" "COMPILER_FLAGS=  -O2 -c" "EXTRA_COMPILER_FLAGS=-mcpu=cortex-a9 -mfpu=vfpv3 -mfloat-abi=hard -nostartfiles -g -Wall -Wextra"
"Running Make include in ps7_cortexa9_0/libsrc/scugic_v3_9/src"
make -C ps7_cortexa9_0/libsrc/scugic_v3_9/src -s include  "SHELL=CMD" "COMPILER=arm-none-eabi-gcc" "ARCHIVER=arm-none-eabi-ar" "COMPILER_FLAGS=  -O2 -c" "EXTRA_COMPILER_FLAGS=-mcpu=cortex-a9 -mfpu=vfpv3 -mfloat-abi=hard -nostartfiles -g -Wall -Wextra"
"Running Make include in ps7_cortexa9_0/libsrc/scutimer_v2_1/src"
make -C ps7_cortexa9_0/libsrc/scutimer_v2_1/src -s include  "SHELL=CMD" "COMPILER=arm-none-eabi-gcc" "ARCHIVER=arm-none-eabi-ar" "COMPILER_FLAGS=  -O2 -c" "EXTRA_COMPILER_FLAGS=-mcpu=cortex-a9 -mfpu=vfpv3 -mfloat-abi=hard -nostartfiles -g -Wall -Wextra"
"Running Make include in ps7_cortexa9_0/libsrc/scuwdt_v2_1/src"
make -C ps7_cortexa9_0/libsrc/scuwdt_v2_1/src -s include  "SHELL=CMD" "COMPILER=arm-none-eabi-gcc" "ARCHIVER=arm-none-eabi-ar" "COMPILER_FLAGS=  -O2 -c" "EXTRA_COMPILER_FLAGS=-mcpu=cortex-a9 -mfpu=vfpv3 -mfloat-abi=hard -nostartfiles -g -Wall -Wextra"
"Running Make include in ps7_cortexa9_0/libsrc/standalone_v6_7/src"
make -C ps7_cortexa9_0/libsrc/standalone_v6_7/src -s include  "SHELL=CMD" "COMPILER=arm-none-eabi-gcc" "ARCHIVER=arm-none-eabi-ar" "COMPILER_FLAGS=  -O2 -c" "EXTRA_COMPILER_FLAGS=-mcpu=cortex-a9 -mfpu=vfpv3 -mfloat-abi=hard -nostartfiles -g -Wall -Wextra"
"Running Make include in ps7_cortexa9_0/libsrc/uartps_v3_6/src"
make -C ps7_cortexa9_0/libsrc/uartps_v3_6/src -s include  "SHELL=CMD" "COMPILER=arm-none-eabi-gcc" "ARCHIVER=arm-none-eabi-ar" "COMPILER_FLAGS=  -O2 -c" "EXTRA_COMPILER_FLAGS=-mcpu=cortex-a9 -mfpu=vfpv3 -mfloat-abi=hard -nostartfiles -g -Wall -Wextra"
"Running Make include in ps7_cortexa9_0/libsrc/xadcps_v2_2/src"
make -C ps7_cortexa9_0/libsrc/xadcps_v2_2/src -s include  "SHELL=CMD" "COMPILER=arm-none-eabi-gcc" "ARCHIVER=arm-none-eabi-ar" "COMPILER_FLAGS=  -O2 -c" "EXTRA_COMPILER_FLAGS=-mcpu=cortex-a9 -mfpu=vfpv3 -mfloat-abi=hard -nostartfiles -g -Wall -Wextra"
"Running Make libs in ps7_cortexa9_0/libsrc/coresightps_dcc_v1_4/src"
make -C ps7_cortexa9_0/libsrc/coresightps_dcc_v1_4/src -s libs  "SHELL=CMD" "COMPILER=arm-none-eabi-gcc" "ARCHIVER=arm-none-eabi-ar" "COMPILER_FLAGS=  -O2 -c" "EXTRA_COMPILER_FLAGS=-mcpu=cortex-a9 -mfpu=vfpv3 -mfloat-abi=hard -nostartfiles -g -Wall -Wextra"
"Compiling coresightps_dcc"
arm-none-eabi-ar: creating ../../../lib/libxil.a
"Running Make libs in ps7_cortexa9_0/libsrc/cpu_cortexa9_v2_6/src"
make -C ps7_cortexa9_0/libsrc/cpu_cortexa9_v2_6/src -s libs  "SHELL=CMD" "COMPILER=arm-none-eabi-gcc" "ARCHIVER=arm-none-eabi-ar" "COMPILER_FLAGS=  -O2 -c" "EXTRA_COMPILER_FLAGS=-mcpu=cortex-a9 -mfpu=vfpv3 -mfloat-abi=hard -nostartfiles -g -Wall -Wextra"
"Compiling cpu_cortexa9"
"Running Make libs in ps7_cortexa9_0/libsrc/ddrps_v1_0/src"
make -C ps7_cortexa9_0/libsrc/ddrps_v1_0/src -s libs  "SHELL=CMD" "COMPILER=arm-none-eabi-gcc" "ARCHIVER=arm-none-eabi-ar" "COMPILER_FLAGS=  -O2 -c" "EXTRA_COMPILER_FLAGS=-mcpu=cortex-a9 -mfpu=vfpv3 -mfloat-abi=hard -nostartfiles -g -Wall -Wextra"
"Compiling ddrps"
"Running Make libs in ps7_cortexa9_0/libsrc/devcfg_v3_5/src"
make -C ps7_cortexa9_0/libsrc/devcfg_v3_5/src -s libs  "SHELL=CMD" "COMPILER=arm-none-eabi-gcc" "ARCHIVER=arm-none-eabi-ar" "COMPILER_FLAGS=  -O2 -c" "EXTRA_COMPILER_FLAGS=-mcpu=cortex-a9 -mfpu=vfpv3 -mfloat-abi=hard -nostartfiles -g -Wall -Wextra"
"Compiling devcfg"
"Running Make libs in ps7_cortexa9_0/libsrc/dmaps_v2_3/src"
make -C ps7_cortexa9_0/libsrc/dmaps_v2_3/src -s libs  "SHELL=CMD" "COMPILER=arm-none-eabi-gcc" "ARCHIVER=arm-none-eabi-ar" "COMPILER_FLAGS=  -O2 -c" "EXTRA_COMPILER_FLAGS=-mcpu=cortex-a9 -mfpu=vfpv3 -mfloat-abi=hard -nostartfiles -g -Wall -Wextra"
"Compiling dmaps"
"Running Make libs in ps7_cortexa9_0/libsrc/gpio_v4_3/src"
make -C ps7_cortexa9_0/libsrc/gpio_v4_3/src -s libs  "SHELL=CMD" "COMPILER=arm-none-eabi-gcc" "ARCHIVER=arm-none-eabi-ar" "COMPILER_FLAGS=  -O2 -c" "EXTRA_COMPILER_FLAGS=-mcpu=cortex-a9 -mfpu=vfpv3 -mfloat-abi=hard -nostartfiles -g -Wall -Wextra"
"Compiling gpio"
"Running Make libs in ps7_cortexa9_0/libsrc/gpiops_v3_3/src"
make -C ps7_cortexa9_0/libsrc/gpiops_v3_3/src -s libs  "SHELL=CMD" "COMPILER=arm-none-eabi-gcc" "ARCHIVER=arm-none-eabi-ar" "COMPILER_FLAGS=  -O2 -c" "EXTRA_COMPILER_FLAGS=-mcpu=cortex-a9 -mfpu=vfpv3 -mfloat-abi=hard -nostartfiles -g -Wall -Wextra"
"Compiling gpiops"
"Running Make libs in ps7_cortexa9_0/libsrc/scugic_v3_9/src"
make -C ps7_cortexa9_0/libsrc/scugic_v3_9/src -s libs  "SHELL=CMD" "COMPILER=arm-none-eabi-gcc" "ARCHIVER=arm-none-eabi-ar" "COMPILER_FLAGS=  -O2 -c" "EXTRA_COMPILER_FLAGS=-mcpu=cortex-a9 -mfpu=vfpv3 -mfloat-abi=hard -nostartfiles -g -Wall -Wextra"
"Compiling scugic"
"Running Make libs in ps7_cortexa9_0/libsrc/scutimer_v2_1/src"
make -C ps7_cortexa9_0/libsrc/scutimer_v2_1/src -s libs  "SHELL=CMD" "COMPILER=arm-none-eabi-gcc" "ARCHIVER=arm-none-eabi-ar" "COMPILER_FLAGS=  -O2 -c" "EXTRA_COMPILER_FLAGS=-mcpu=cortex-a9 -mfpu=vfpv3 -mfloat-abi=hard -nostartfiles -g -Wall -Wextra"
"Compiling scutimer"
"Running Make libs in ps7_cortexa9_0/libsrc/scuwdt_v2_1/src"
make -C ps7_cortexa9_0/libsrc/scuwdt_v2_1/src -s libs  "SHELL=CMD" "COMPILER=arm-none-eabi-gcc" "ARCHIVER=arm-none-eabi-ar" "COMPILER_FLAGS=  -O2 -c" "EXTRA_COMPILER_FLAGS=-mcpu=cortex-a9 -mfpu=vfpv3 -mfloat-abi=hard -nostartfiles -g -Wall -Wextra"
"Compiling scuwdt"
"Running Make libs in ps7_cortexa9_0/libsrc/standalone_v6_7/src"
make -C ps7_cortexa9_0/libsrc/standalone_v6_7/src -s libs  "SHELL=CMD" "COMPILER=arm-none-eabi-gcc" "ARCHIVER=arm-none-eabi-ar" "COMPILER_FLAGS=  -O2 -c" "EXTRA_COMPILER_FLAGS=-mcpu=cortex-a9 -mfpu=vfpv3 -mfloat-abi=hard -nostartfiles -g -Wall -Wextra"
"Compiling standalone"
In file included from sleep.c:57:0:
xtime_l.h:89:9: note: #pragma message: For the sleep routines, Global timer is being used
 #pragma message ("For the sleep routines, Global timer is being used")
         ^~~~~~~
In file included from usleep.c:60:0:
xtime_l.h:89:9: note: #pragma message: For the sleep routines, Global timer is being used
 #pragma message ("For the sleep routines, Global timer is being used")
         ^~~~~~~
In file included from xil_sleeptimer.c:55:0:
xtime_l.h:89:9: note: #pragma message: For the sleep routines, Global timer is being used
 #pragma message ("For the sleep routines, Global timer is being used")
         ^~~~~~~
In file included from xtime_l.c:53:0:
xtime_l.h:89:9: note: #pragma message: For the sleep routines, Global timer is being used
 #pragma message ("For the sleep routines, Global timer is being used")
         ^~~~~~~
"Running Make libs in ps7_cortexa9_0/libsrc/uartps_v3_6/src"
make -C ps7_cortexa9_0/libsrc/uartps_v3_6/src -s libs  "SHELL=CMD" "COMPILER=arm-none-eabi-gcc" "ARCHIVER=arm-none-eabi-ar" "COMPILER_FLAGS=  -O2 -c" "EXTRA_COMPILER_FLAGS=-mcpu=cortex-a9 -mfpu=vfpv3 -mfloat-abi=hard -nostartfiles -g -Wall -Wextra"
"Compiling uartps"
"Running Make libs in ps7_cortexa9_0/libsrc/xadcps_v2_2/src"
make -C ps7_cortexa9_0/libsrc/xadcps_v2_2/src -s libs  "SHELL=CMD" "COMPILER=arm-none-eabi-gcc" "ARCHIVER=arm-none-eabi-ar" "COMPILER_FLAGS=  -O2 -c" "EXTRA_COMPILER_FLAGS=-mcpu=cortex-a9 -mfpu=vfpv3 -mfloat-abi=hard -nostartfiles -g -Wall -Wextra"
"Compiling xadcps"
'Finished building libraries'
16:14:31 **** Auto Build of configuration Debug for project int_test_bsp_xgpio_intr_tapp_example_1 ****
make pre-build main-build 
a9-linaro-pre-build-step
' '
'Building file: ../src/xgpio_intr_tapp_example.c'
'Invoking: ARM v7 gcc compiler'
arm-none-eabi-gcc -Wall -O0 -g3 -c -fmessage-length=0 -MT"src/xgpio_intr_tapp_example.o" -mcpu=cortex-a9 -mfpu=vfpv3 -mfloat-abi=hard -I../../int_test_bsp/ps7_cortexa9_0/include -MMD -MP -MF"src/xgpio_intr_tapp_example.d" -MT"src/xgpio_intr_tapp_example.o" -o "src/xgpio_intr_tapp_example.o" "../src/xgpio_intr_tapp_example.c"
../src/xgpio_intr_tapp_example.c: In function 'GpioHandler':
../src/xgpio_intr_tapp_example.c:136:2: warning: implicit declaration of function 'printf' [-Wimplicit-function-declaration]
  printf("Trigger INT, Read Btn8bit = 0x%x\n", XGpio_DiscreteRead(GpioPtr, 1));
  ^~~~~~
../src/xgpio_intr_tapp_example.c:136:2: warning: incompatible implicit declaration of built-in function 'printf'
../src/xgpio_intr_tapp_example.c:136:2: note: include '<stdio.h>' or provide a declaration of 'printf'
../src/xgpio_intr_tapp_example.c:136:41: warning: format '%x' expects argument of type 'unsigned int', but argument 2 has type 'u32 {aka long unsigned int}' [-Wformat=]
  printf("Trigger INT, Read Btn8bit = 0x%x\n", XGpio_DiscreteRead(GpioPtr, 1));
                                        ~^     ~~~~~~~~~~~~~~~~~~~~~~~~~~~~~~
                                        %lx
'Finished building: ../src/xgpio_intr_tapp_example.c'
' '
'Building target: int_test_bsp_xgpio_intr_tapp_example_1.elf'
'Invoking: ARM v7 gcc linker'
arm-none-eabi-gcc -mcpu=cortex-a9 -mfpu=vfpv3 -mfloat-abi=hard -Wl,-build-id=none -specs=Xilinx.spec -Wl,-T -Wl,../src/lscript.ld -L../../int_test_bsp/ps7_cortexa9_0/lib -o "int_test_bsp_xgpio_intr_tapp_example_1.elf"  ./src/xgpio_intr_tapp_example.o   -Wl,--start-group,-lxil,-lgcc,-lc,--end-group
'Finished building target: int_test_bsp_xgpio_intr_tapp_example_1.elf'
' '
'Invoking: ARM v7 Print Size'
arm-none-eabi-size int_test_bsp_xgpio_intr_tapp_example_1.elf  |tee "int_test_bsp_xgpio_intr_tapp_example_1.elf.size"
   text	   data	    bss	    dec	    hex	filename
  76484	   4188	  23376	 104048	  19670	int_test_bsp_xgpio_intr_tapp_example_1.elf
'Finished building: int_test_bsp_xgpio_intr_tapp_example_1.elf.size'
' '
16:15:35 **** Build of project device_tree_bsp_0 ****
make -k all 
make: Nothing to be done for `all'.
