16:14:31 **** Auto Build of configuration Debug for project int_test_bsp_xgpio_intr_tapp_example_1 ****
make pre-build main-build 
a9-linaro-pre-build-step
' '
'Building file: ../src/xgpio_intr_tapp_example.c'
'Invoking: ARM v7 gcc compiler'
arm-none-eabi-gcc -Wall -O0 -g3 -c -fmessage-length=0 -MT"src/xgpio_intr_tapp_example.o" -mcpu=cortex-a9 -mfpu=vfpv3 -mfloat-abi=hard -I../../int_test_bsp/ps7_cortexa9_0/include -MMD -MP -MF"src/xgpio_intr_tapp_example.d" -MT"src/xgpio_intr_tapp_example.o" -o "src/xgpio_intr_tapp_example.o" "../src/xgpio_intr_tapp_example.c"
../src/xgpio_intr_tapp_example.c: In function 'GpioHandler':
../src/xgpio_intr_tapp_example.c:136:2: warning: implicit declaration of function 'printf' [-Wimplicit-function-declaration]
  printf("Trigger INT, Read Btn8bit = 0x%x\n", XGpio_DiscreteRead(GpioPtr, 1));
  ^~~~~~
../src/xgpio_intr_tapp_example.c:136:2: warning: incompatible implicit declaration of built-in function 'printf'
../src/xgpio_intr_tapp_example.c:136:2: note: include '<stdio.h>' or provide a declaration of 'printf'
../src/xgpio_intr_tapp_example.c:136:41: warning: format '%x' expects argument of type 'unsigned int', but argument 2 has type 'u32 {aka long unsigned int}' [-Wformat=]
  printf("Trigger INT, Read Btn8bit = 0x%x\n", XGpio_DiscreteRead(GpioPtr, 1));
                                        ~^     ~~~~~~~~~~~~~~~~~~~~~~~~~~~~~~
                                        %lx
'Finished building: ../src/xgpio_intr_tapp_example.c'
' '
'Building target: int_test_bsp_xgpio_intr_tapp_example_1.elf'
'Invoking: ARM v7 gcc linker'
arm-none-eabi-gcc -mcpu=cortex-a9 -mfpu=vfpv3 -mfloat-abi=hard -Wl,-build-id=none -specs=Xilinx.spec -Wl,-T -Wl,../src/lscript.ld -L../../int_test_bsp/ps7_cortexa9_0/lib -o "int_test_bsp_xgpio_intr_tapp_example_1.elf"  ./src/xgpio_intr_tapp_example.o   -Wl,--start-group,-lxil,-lgcc,-lc,--end-group
'Finished building target: int_test_bsp_xgpio_intr_tapp_example_1.elf'
' '
'Invoking: ARM v7 Print Size'
arm-none-eabi-size int_test_bsp_xgpio_intr_tapp_example_1.elf  |tee "int_test_bsp_xgpio_intr_tapp_example_1.elf.size"
   text	   data	    bss	    dec	    hex	filename
  76484	   4188	  23376	 104048	  19670	int_test_bsp_xgpio_intr_tapp_example_1.elf
'Finished building: int_test_bsp_xgpio_intr_tapp_example_1.elf.size'
' '

16:14:36 Build Finished (took 5s.809ms)

