14:54:52 **** Auto Build of configuration Release for project axilite_test ****
make all 
'Building file: ../src/main.c'
'Invoking: ARM v7 Linux g++ compiler'
arm-linux-gnueabihf-g++ -Wall -O2 -c -fmessage-length=0 -MT"src/main.o" -MMD -MP -MF"src/main.d" -MT"src/main.o" -o "src/main.o" "../src/main.c"
'Finished building: ../src/main.c'
' '
'Building target: axilite_test.elf'
'Invoking: ARM v7 Linux g++ linker'
arm-linux-gnueabihf-g++ -static  -o "axilite_test.elf"  ./src/axilite_hw.o ./src/main.o   
'Finished building target: axilite_test.elf'
' '
'Invoking: ARM v7 Linux Print Size'
arm-linux-gnueabihf-size axilite_test.elf  |tee "axilite_test.elf.size"
   text	   data	    bss	    dec	    hex	filename
 418052	   8724	   2784	 429560	  68df8	axilite_test.elf
'Finished building: axilite_test.elf.size'
' '

14:55:18 Build Finished (took 25s.899ms)

