23:17:50 **** Auto Build of configuration Release for project isa_axililte_int_rw ****
make all 
'Building file: ../src/isa_hw.cpp'
'Invoking: ARM v7 Linux g++ compiler'
arm-linux-gnueabihf-g++ -Wall -O2 -c -fmessage-length=0 -MT"src/isa_hw.o" -MMD -MP -MF"src/isa_hw.d" -MT"src/isa_hw.o" -o "src/isa_hw.o" "../src/isa_hw.cpp"
'Finished building: ../src/isa_hw.cpp'
' '
'Building file: ../src/main.cpp'
'Invoking: ARM v7 Linux g++ compiler'
arm-linux-gnueabihf-g++ -Wall -O2 -c -fmessage-length=0 -MT"src/main.o" -MMD -MP -MF"src/main.d" -MT"src/main.o" -o "src/main.o" "../src/main.cpp"
../src/main.cpp: In function 'int main(int, char**)':
../src/main.cpp:71:6: warning: unused variable 'wdata_array0' [-Wunused-variable]
  int wdata_array0[32] = {
      ^~~~~~~~~~~~
../src/main.cpp:78:6: warning: unused variable 'x' [-Wunused-variable]
  int x;
      ^
../src/main.cpp:79:6: warning: unused variable 'rdata' [-Wunused-variable]
  int rdata;
      ^~~~~
../src/main.cpp:80:9: warning: unused variable 'wdata' [-Wunused-variable]
     int wdata;
         ^~~~~
'Finished building: ../src/main.cpp'
' '
'Building target: isa_axililte_int_rw.elf'
'Invoking: ARM v7 Linux g++ linker'
arm-linux-gnueabihf-g++ -static  -o "isa_axililte_int_rw.elf"  ./src/isa_hw.o ./src/main.o   
'Finished building target: isa_axililte_int_rw.elf'
' '
'Invoking: ARM v7 Linux Print Size'
arm-linux-gnueabihf-size isa_axililte_int_rw.elf  |tee "isa_axililte_int_rw.elf.size"
   text	   data	    bss	    dec	    hex	filename
 418768	   8724	   2784	 430276	  690c4	isa_axililte_int_rw.elf
'Finished building: isa_axililte_int_rw.elf.size'
' '

23:18:02 Build Finished (took 11s.928ms)

