23:19:31 **** Auto Build of configuration Release for project isa_axilite_timeout ****
make all 
'Building file: ../src/main.cpp'
'Invoking: ARM v7 Linux g++ compiler'
arm-linux-gnueabihf-g++ -Wall -O2 -c -fmessage-length=0 -MT"src/main.o" -MMD -MP -MF"src/main.d" -MT"src/main.o" -o "src/main.o" "../src/main.cpp"
../src/main.cpp: In function 'int main(int, char**)':
../src/main.cpp:14:6: warning: variable 'rdata' set but not used [-Wunused-but-set-variable]
  int rdata = 0x00;
      ^~~~~
../src/main.cpp:34:9: warning: unused variable 'error' [-Wunused-variable]
     int error = 0;
         ^~~~~
'Finished building: ../src/main.cpp'
' '
'Building target: isa_axilite_timeout.elf'
'Invoking: ARM v7 Linux g++ linker'
arm-linux-gnueabihf-g++ -static  -o "isa_axilite_timeout.elf"  ./src/isa_hw.o ./src/main.o   
'Finished building target: isa_axilite_timeout.elf'
' '
'Invoking: ARM v7 Linux Print Size'
arm-linux-gnueabihf-size isa_axilite_timeout.elf  |tee "isa_axilite_timeout.elf.size"
   text	   data	    bss	    dec	    hex	filename
 418028	   8724	   2784	 429536	  68de0	isa_axilite_timeout.elf
'Finished building: isa_axilite_timeout.elf.size'
' '

23:19:38 Build Finished (took 7s.318ms)

