23:35:03 **** Auto Build of configuration Release for project axi_lite_auto ****
make all 
'Building file: ../src/isa_hw.cpp'
'Invoking: ARM v7 Linux g++ compiler'
arm-linux-gnueabihf-g++ -Wall -O2 -c -fmessage-length=0 -MT"src/isa_hw.o" -MMD -MP -MF"src/isa_hw.d" -MT"src/isa_hw.o" -o "src/isa_hw.o" "../src/isa_hw.cpp"
'Finished building: ../src/isa_hw.cpp'
' '
'Building file: ../src/main.cpp'
'Invoking: ARM v7 Linux g++ compiler'
arm-linux-gnueabihf-g++ -Wall -O2 -c -fmessage-length=0 -MT"src/main.o" -MMD -MP -MF"src/main.d" -MT"src/main.o" -o "src/main.o" "../src/main.cpp"
'Finished building: ../src/main.cpp'
' '
'Building target: axi_lite_auto.elf'
'Invoking: ARM v7 Linux g++ linker'
arm-linux-gnueabihf-g++ -static  -o "axi_lite_auto.elf"  ./src/isa_hw.o ./src/main.o   
'Finished building target: axi_lite_auto.elf'
' '
'Invoking: ARM v7 Linux Print Size'
arm-linux-gnueabihf-size axi_lite_auto.elf  |tee "axi_lite_auto.elf.size"
   text	   data	    bss	    dec	    hex	filename
 418152	   8724	   2784	 429660	  68e5c	axi_lite_auto.elf
'Finished building: axi_lite_auto.elf.size'
' '

23:35:09 Build Finished (took 6s.121ms)

