22:09:00 **** Incremental Build of configuration Debug for project isa_axilite_int_bare ****
make pre-build main-build 
a9-linaro-pre-build-step
' '
make: Nothing to be done for `main-build'.
22:09:09 **** Incremental Build of configuration Debug for project isa_axilite_int_bare ****
make pre-build main-build 
a9-linaro-pre-build-step
' '
make: Nothing to be done for `main-build'.
22:10:07 **** Incremental Build of configuration Debug for project isa_axilite_int_bare ****
make pre-build main-build 
a9-linaro-pre-build-step
' '
make: Nothing to be done for `main-build'.
22:10:51 **** Auto Build of configuration Debug for project isa_axilite_int_bare ****
make pre-build main-build 
a9-linaro-pre-build-step
' '
'Building file: ../src/main.cpp'
'Invoking: ARM v7 g++ compiler'
arm-none-eabi-g++ -Wall -O0 -g3 -c -fmessage-length=0 -MT"src/main.o" -mcpu=cortex-a9 -mfpu=vfpv3 -mfloat-abi=hard -I../../isa_axilite_int_bare_bsp/ps7_cortexa9_0/include -MMD -MP -MF"src/main.d" -MT"src/main.o" -o "src/main.o" "../src/main.cpp"
../src/main.cpp: In function 'int main(int, char**)':
../src/main.cpp:20:6: warning: variable 'rdata' set but not used [-Wunused-but-set-variable]
  int rdata;
      ^~~~~
../src/main.cpp:21:9: warning: unused variable 'wdata' [-Wunused-variable]
     int wdata;
         ^~~~~
'Finished building: ../src/main.cpp'
' '
'Building target: isa_axilite_int_bare.elf'
'Invoking: ARM v7 g++ linker'
arm-none-eabi-g++ -mcpu=cortex-a9 -mfpu=vfpv3 -mfloat-abi=hard -Wl,-build-id=none -specs=Xilinx.spec -Wl,-T -Wl,../src/lscript.ld -L../../isa_axilite_int_bare_bsp/ps7_cortexa9_0/lib -o "isa_axilite_int_bare.elf"  ./src/isa_hw.o ./src/main.o   -Wl,--start-group,-lxil,-lgcc,-lc,-lstdc++,--end-group
'Finished building target: isa_axilite_int_bare.elf'
' '
'Invoking: ARM v7 Print Size'
arm-none-eabi-size isa_axilite_int_bare.elf  |tee "isa_axilite_int_bare.elf.size"
   text	   data	    bss	    dec	    hex	filename
  78624	   2580	  23336	 104540	  1985c	isa_axilite_int_bare.elf
'Finished building: isa_axilite_int_bare.elf.size'
' '
22:11:26 **** Auto Build of configuration Debug for project isa_axilite_int_bare ****
make pre-build main-build 
a9-linaro-pre-build-step
' '
'Building file: ../src/main.cpp'
'Invoking: ARM v7 g++ compiler'
arm-none-eabi-g++ -Wall -O0 -g3 -c -fmessage-length=0 -MT"src/main.o" -mcpu=cortex-a9 -mfpu=vfpv3 -mfloat-abi=hard -I../../isa_axilite_int_bare_bsp/ps7_cortexa9_0/include -MMD -MP -MF"src/main.d" -MT"src/main.o" -o "src/main.o" "../src/main.cpp"
../src/main.cpp: In function 'int main(int, char**)':
../src/main.cpp:20:6: warning: variable 'rdata' set but not used [-Wunused-but-set-variable]
  int rdata;
      ^~~~~
../src/main.cpp:21:9: warning: unused variable 'wdata' [-Wunused-variable]
     int wdata;
         ^~~~~
'Finished building: ../src/main.cpp'
' '
'Building target: isa_axilite_int_bare.elf'
'Invoking: ARM v7 g++ linker'
arm-none-eabi-g++ -mcpu=cortex-a9 -mfpu=vfpv3 -mfloat-abi=hard -Wl,-build-id=none -specs=Xilinx.spec -Wl,-T -Wl,../src/lscript.ld -L../../isa_axilite_int_bare_bsp/ps7_cortexa9_0/lib -o "isa_axilite_int_bare.elf"  ./src/isa_hw.o ./src/main.o   -Wl,--start-group,-lxil,-lgcc,-lc,-lstdc++,--end-group
'Finished building target: isa_axilite_int_bare.elf'
' '
'Invoking: ARM v7 Print Size'
arm-none-eabi-size isa_axilite_int_bare.elf  |tee "isa_axilite_int_bare.elf.size"
   text	   data	    bss	    dec	    hex	filename
  78664	   2580	  23336	 104580	  19884	isa_axilite_int_bare.elf
'Finished building: isa_axilite_int_bare.elf.size'
' '
22:11:40 **** Incremental Build of configuration Debug for project isa_axilite_int_bare ****
make pre-build main-build 
a9-linaro-pre-build-step
' '
make: Nothing to be done for `main-build'.
22:17:35 **** Auto Build of configuration Debug for project isa_axilite_int_bare ****
make pre-build main-build 
a9-linaro-pre-build-step
' '
'Building file: ../src/main.cpp'
'Invoking: ARM v7 g++ compiler'
arm-none-eabi-g++ -Wall -O0 -g3 -c -fmessage-length=0 -MT"src/main.o" -mcpu=cortex-a9 -mfpu=vfpv3 -mfloat-abi=hard -I../../isa_axilite_int_bare_bsp/ps7_cortexa9_0/include -MMD -MP -MF"src/main.d" -MT"src/main.o" -o "src/main.o" "../src/main.cpp"
../src/main.cpp: In function 'int main(int, char**)':
../src/main.cpp:20:6: warning: variable 'rdata' set but not used [-Wunused-but-set-variable]
  int rdata;
      ^~~~~
../src/main.cpp:21:9: warning: unused variable 'wdata' [-Wunused-variable]
     int wdata;
         ^~~~~
'Finished building: ../src/main.cpp'
' '
'Building target: isa_axilite_int_bare.elf'
'Invoking: ARM v7 g++ linker'
arm-none-eabi-g++ -mcpu=cortex-a9 -mfpu=vfpv3 -mfloat-abi=hard -Wl,-build-id=none -specs=Xilinx.spec -Wl,-T -Wl,../src/lscript.ld -L../../isa_axilite_int_bare_bsp/ps7_cortexa9_0/lib -o "isa_axilite_int_bare.elf"  ./src/isa_hw.o ./src/main.o   -Wl,--start-group,-lxil,-lgcc,-lc,-lstdc++,--end-group
'Finished building target: isa_axilite_int_bare.elf'
' '
'Invoking: ARM v7 Print Size'
arm-none-eabi-size isa_axilite_int_bare.elf  |tee "isa_axilite_int_bare.elf.size"
   text	   data	    bss	    dec	    hex	filename
  78664	   2580	  23336	 104580	  19884	isa_axilite_int_bare.elf
'Finished building: isa_axilite_int_bare.elf.size'
' '
22:19:23 **** Auto Build of configuration Debug for project isa_axilite_int_bare ****
make pre-build main-build 
a9-linaro-pre-build-step
' '
'Building file: ../src/main.cpp'
'Invoking: ARM v7 g++ compiler'
arm-none-eabi-g++ -Wall -O0 -g3 -c -fmessage-length=0 -MT"src/main.o" -mcpu=cortex-a9 -mfpu=vfpv3 -mfloat-abi=hard -I../../isa_axilite_int_bare_bsp/ps7_cortexa9_0/include -MMD -MP -MF"src/main.d" -MT"src/main.o" -o "src/main.o" "../src/main.cpp"
'Finished building: ../src/main.cpp'
' '
'Building target: isa_axilite_int_bare.elf'
'Invoking: ARM v7 g++ linker'
arm-none-eabi-g++ -mcpu=cortex-a9 -mfpu=vfpv3 -mfloat-abi=hard -Wl,-build-id=none -specs=Xilinx.spec -Wl,-T -Wl,../src/lscript.ld -L../../isa_axilite_int_bare_bsp/ps7_cortexa9_0/lib -o "isa_axilite_int_bare.elf"  ./src/isa_hw.o ./src/main.o   -Wl,--start-group,-lxil,-lgcc,-lc,-lstdc++,--end-group
'Finished building target: isa_axilite_int_bare.elf'
' '
'Invoking: ARM v7 Print Size'
arm-none-eabi-size isa_axilite_int_bare.elf  |tee "isa_axilite_int_bare.elf.size"
   text	   data	    bss	    dec	    hex	filename
  78664	   2580	  23336	 104580	  19884	isa_axilite_int_bare.elf
'Finished building: isa_axilite_int_bare.elf.size'
' '
22:22:27 **** Auto Build of configuration Debug for project isa_axilite_int_bare ****
make pre-build main-build 
a9-linaro-pre-build-step
' '
'Building file: ../src/main.cpp'
'Invoking: ARM v7 g++ compiler'
arm-none-eabi-g++ -Wall -O0 -g3 -c -fmessage-length=0 -MT"src/main.o" -mcpu=cortex-a9 -mfpu=vfpv3 -mfloat-abi=hard -I../../isa_axilite_int_bare_bsp/ps7_cortexa9_0/include -MMD -MP -MF"src/main.d" -MT"src/main.o" -o "src/main.o" "../src/main.cpp"
'Finished building: ../src/main.cpp'
' '
'Building target: isa_axilite_int_bare.elf'
'Invoking: ARM v7 g++ linker'
arm-none-eabi-g++ -mcpu=cortex-a9 -mfpu=vfpv3 -mfloat-abi=hard -Wl,-build-id=none -specs=Xilinx.spec -Wl,-T -Wl,../src/lscript.ld -L../../isa_axilite_int_bare_bsp/ps7_cortexa9_0/lib -o "isa_axilite_int_bare.elf"  ./src/isa_hw.o ./src/main.o   -Wl,--start-group,-lxil,-lgcc,-lc,-lstdc++,--end-group
'Finished building target: isa_axilite_int_bare.elf'
' '
'Invoking: ARM v7 Print Size'
arm-none-eabi-size isa_axilite_int_bare.elf  |tee "isa_axilite_int_bare.elf.size"
   text	   data	    bss	    dec	    hex	filename
  78792	   2580	  23336	 104708	  19904	isa_axilite_int_bare.elf
'Finished building: isa_axilite_int_bare.elf.size'
' '
22:23:06 **** Auto Build of configuration Debug for project isa_axilite_int_bare ****
make pre-build main-build 
a9-linaro-pre-build-step
' '
'Building file: ../src/main.cpp'
'Invoking: ARM v7 g++ compiler'
arm-none-eabi-g++ -Wall -O0 -g3 -c -fmessage-length=0 -MT"src/main.o" -mcpu=cortex-a9 -mfpu=vfpv3 -mfloat-abi=hard -I../../isa_axilite_int_bare_bsp/ps7_cortexa9_0/include -MMD -MP -MF"src/main.d" -MT"src/main.o" -o "src/main.o" "../src/main.cpp"
'Finished building: ../src/main.cpp'
' '
'Building target: isa_axilite_int_bare.elf'
'Invoking: ARM v7 g++ linker'
arm-none-eabi-g++ -mcpu=cortex-a9 -mfpu=vfpv3 -mfloat-abi=hard -Wl,-build-id=none -specs=Xilinx.spec -Wl,-T -Wl,../src/lscript.ld -L../../isa_axilite_int_bare_bsp/ps7_cortexa9_0/lib -o "isa_axilite_int_bare.elf"  ./src/isa_hw.o ./src/main.o   -Wl,--start-group,-lxil,-lgcc,-lc,-lstdc++,--end-group
'Finished building target: isa_axilite_int_bare.elf'
' '
'Invoking: ARM v7 Print Size'
arm-none-eabi-size isa_axilite_int_bare.elf  |tee "isa_axilite_int_bare.elf.size"
   text	   data	    bss	    dec	    hex	filename
  78800	   2580	  23336	 104716	  1990c	isa_axilite_int_bare.elf
'Finished building: isa_axilite_int_bare.elf.size'
' '
22:23:30 **** Incremental Build of configuration Debug for project isa_axilite_int_bare ****
make pre-build main-build 
a9-linaro-pre-build-step
' '
make: Nothing to be done for `main-build'.
22:25:34 **** Auto Build of configuration Debug for project isa_axilite_int_bare ****
make pre-build main-build 
a9-linaro-pre-build-step
' '
'Building file: ../src/main.cpp'
'Invoking: ARM v7 g++ compiler'
arm-none-eabi-g++ -Wall -O0 -g3 -c -fmessage-length=0 -MT"src/main.o" -mcpu=cortex-a9 -mfpu=vfpv3 -mfloat-abi=hard -I../../isa_axilite_int_bare_bsp/ps7_cortexa9_0/include -MMD -MP -MF"src/main.d" -MT"src/main.o" -o "src/main.o" "../src/main.cpp"
'Finished building: ../src/main.cpp'
' '
'Building target: isa_axilite_int_bare.elf'
'Invoking: ARM v7 g++ linker'
arm-none-eabi-g++ -mcpu=cortex-a9 -mfpu=vfpv3 -mfloat-abi=hard -Wl,-build-id=none -specs=Xilinx.spec -Wl,-T -Wl,../src/lscript.ld -L../../isa_axilite_int_bare_bsp/ps7_cortexa9_0/lib -o "isa_axilite_int_bare.elf"  ./src/isa_hw.o ./src/main.o   -Wl,--start-group,-lxil,-lgcc,-lc,-lstdc++,--end-group
'Finished building target: isa_axilite_int_bare.elf'
' '
'Invoking: ARM v7 Print Size'
arm-none-eabi-size isa_axilite_int_bare.elf  |tee "isa_axilite_int_bare.elf.size"
   text	   data	    bss	    dec	    hex	filename
  78800	   2580	  23336	 104716	  1990c	isa_axilite_int_bare.elf
'Finished building: isa_axilite_int_bare.elf.size'
' '
22:27:33 **** Incremental Build of configuration Debug for project isa_axilite_int_bare ****
make pre-build main-build 
a9-linaro-pre-build-step
' '
make: Nothing to be done for `main-build'.
22:30:17 **** Incremental Build of configuration Debug for project isa_axilite_int_bare ****
make pre-build main-build 
a9-linaro-pre-build-step
' '
make: Nothing to be done for `main-build'.
22:30:51 **** Auto Build of configuration Debug for project isa_axilite_int_bare ****
make pre-build main-build 
a9-linaro-pre-build-step
' '
'Building file: ../src/main.cpp'
'Invoking: ARM v7 g++ compiler'
arm-none-eabi-g++ -Wall -O0 -g3 -c -fmessage-length=0 -MT"src/main.o" -mcpu=cortex-a9 -mfpu=vfpv3 -mfloat-abi=hard -I../../isa_axilite_int_bare_bsp/ps7_cortexa9_0/include -MMD -MP -MF"src/main.d" -MT"src/main.o" -o "src/main.o" "../src/main.cpp"
'Finished building: ../src/main.cpp'
' '
'Building target: isa_axilite_int_bare.elf'
'Invoking: ARM v7 g++ linker'
arm-none-eabi-g++ -mcpu=cortex-a9 -mfpu=vfpv3 -mfloat-abi=hard -Wl,-build-id=none -specs=Xilinx.spec -Wl,-T -Wl,../src/lscript.ld -L../../isa_axilite_int_bare_bsp/ps7_cortexa9_0/lib -o "isa_axilite_int_bare.elf"  ./src/isa_hw.o ./src/main.o   -Wl,--start-group,-lxil,-lgcc,-lc,-lstdc++,--end-group
'Finished building target: isa_axilite_int_bare.elf'
' '
'Invoking: ARM v7 Print Size'
arm-none-eabi-size isa_axilite_int_bare.elf  |tee "isa_axilite_int_bare.elf.size"
   text	   data	    bss	    dec	    hex	filename
  78800	   2580	  23336	 104716	  1990c	isa_axilite_int_bare.elf
'Finished building: isa_axilite_int_bare.elf.size'
' '
22:31:31 **** Incremental Build of configuration Debug for project isa_axilite_int_bare ****
make pre-build main-build 
a9-linaro-pre-build-step
' '
make: Nothing to be done for `main-build'.
22:32:11 **** Auto Build of configuration Debug for project isa_axilite_int_bare ****
make pre-build main-build 
a9-linaro-pre-build-step
' '
'Building file: ../src/main.cpp'
'Invoking: ARM v7 g++ compiler'
arm-none-eabi-g++ -Wall -O0 -g3 -c -fmessage-length=0 -MT"src/main.o" -mcpu=cortex-a9 -mfpu=vfpv3 -mfloat-abi=hard -I../../isa_axilite_int_bare_bsp/ps7_cortexa9_0/include -MMD -MP -MF"src/main.d" -MT"src/main.o" -o "src/main.o" "../src/main.cpp"
'Finished building: ../src/main.cpp'
' '
'Building target: isa_axilite_int_bare.elf'
'Invoking: ARM v7 g++ linker'
arm-none-eabi-g++ -mcpu=cortex-a9 -mfpu=vfpv3 -mfloat-abi=hard -Wl,-build-id=none -specs=Xilinx.spec -Wl,-T -Wl,../src/lscript.ld -L../../isa_axilite_int_bare_bsp/ps7_cortexa9_0/lib -o "isa_axilite_int_bare.elf"  ./src/isa_hw.o ./src/main.o   -Wl,--start-group,-lxil,-lgcc,-lc,-lstdc++,--end-group
'Finished building target: isa_axilite_int_bare.elf'
' '
'Invoking: ARM v7 Print Size'
arm-none-eabi-size isa_axilite_int_bare.elf  |tee "isa_axilite_int_bare.elf.size"
   text	   data	    bss	    dec	    hex	filename
  78800	   2580	  23336	 104716	  1990c	isa_axilite_int_bare.elf
'Finished building: isa_axilite_int_bare.elf.size'
' '
22:32:51 **** Incremental Build of configuration Debug for project isa_axilite_int_bare ****
make pre-build main-build 
a9-linaro-pre-build-step
' '
make: Nothing to be done for `main-build'.
22:44:10 **** Auto Build of configuration Debug for project isa_axilite_int_bare ****
make pre-build main-build 
a9-linaro-pre-build-step
' '
'Building file: ../src/main.cpp'
'Invoking: ARM v7 g++ compiler'
arm-none-eabi-g++ -Wall -O0 -g3 -c -fmessage-length=0 -MT"src/main.o" -mcpu=cortex-a9 -mfpu=vfpv3 -mfloat-abi=hard -I../../isa_axilite_int_bare_bsp/ps7_cortexa9_0/include -MMD -MP -MF"src/main.d" -MT"src/main.o" -o "src/main.o" "../src/main.cpp"
../src/main.cpp: In function 'int main(int, char**)':
../src/main.cpp:80:6: warning: variable 'rdata' set but not used [-Wunused-but-set-variable]
  int rdata;
      ^~~~~
../src/main.cpp:81:9: warning: unused variable 'wdata' [-Wunused-variable]
     int wdata;
         ^~~~~
'Finished building: ../src/main.cpp'
' '
'Building target: isa_axilite_int_bare.elf'
'Invoking: ARM v7 g++ linker'
arm-none-eabi-g++ -mcpu=cortex-a9 -mfpu=vfpv3 -mfloat-abi=hard -Wl,-build-id=none -specs=Xilinx.spec -Wl,-T -Wl,../src/lscript.ld -L../../isa_axilite_int_bare_bsp/ps7_cortexa9_0/lib -o "isa_axilite_int_bare.elf"  ./src/isa_hw.o ./src/main.o   -Wl,--start-group,-lxil,-lgcc,-lc,-lstdc++,--end-group
'Finished building target: isa_axilite_int_bare.elf'
' '
'Invoking: ARM v7 Print Size'
arm-none-eabi-size isa_axilite_int_bare.elf  |tee "isa_axilite_int_bare.elf.size"
   text	   data	    bss	    dec	    hex	filename
  78664	   2580	  23336	 104580	  19884	isa_axilite_int_bare.elf
'Finished building: isa_axilite_int_bare.elf.size'
' '
22:44:40 **** Incremental Build of configuration Debug for project isa_axilite_int_bare ****
make pre-build main-build 
a9-linaro-pre-build-step
' '
make: Nothing to be done for `main-build'.
10:28:52 **** Incremental Build of configuration Debug for project isa_axilite_int_bare ****
make pre-build main-build 
a9-linaro-pre-build-step
' '
make: Nothing to be done for `main-build'.
10:31:16 **** Auto Build of configuration Debug for project isa_axilite_int_bare ****
make pre-build main-build 
a9-linaro-pre-build-step
' '
'Building file: ../src/main.cpp'
'Invoking: ARM v7 g++ compiler'
arm-none-eabi-g++ -Wall -O0 -g3 -c -fmessage-length=0 -MT"src/main.o" -mcpu=cortex-a9 -mfpu=vfpv3 -mfloat-abi=hard -I../../isa_axilite_int_bare_bsp/ps7_cortexa9_0/include -MMD -MP -MF"src/main.d" -MT"src/main.o" -o "src/main.o" "../src/main.cpp"
'Finished building: ../src/main.cpp'
' '
'Building target: isa_axilite_int_bare.elf'
'Invoking: ARM v7 g++ linker'
arm-none-eabi-g++ -mcpu=cortex-a9 -mfpu=vfpv3 -mfloat-abi=hard -Wl,-build-id=none -specs=Xilinx.spec -Wl,-T -Wl,../src/lscript.ld -L../../isa_axilite_int_bare_bsp/ps7_cortexa9_0/lib -o "isa_axilite_int_bare.elf"  ./src/isa_hw.o ./src/main.o   -Wl,--start-group,-lxil,-lgcc,-lc,-lstdc++,--end-group
'Finished building target: isa_axilite_int_bare.elf'
' '
'Invoking: ARM v7 Print Size'
arm-none-eabi-size isa_axilite_int_bare.elf  |tee "isa_axilite_int_bare.elf.size"
   text	   data	    bss	    dec	    hex	filename
  78800	   2580	  23336	 104716	  1990c	isa_axilite_int_bare.elf
'Finished building: isa_axilite_int_bare.elf.size'
' '
10:31:48 **** Incremental Build of configuration Debug for project isa_axilite_int_bare ****
make pre-build main-build 
a9-linaro-pre-build-step
' '
make: Nothing to be done for `main-build'.
