23:47:45 **** Auto Build of configuration Release for project axi_lite_app ****
make all 
'Building file: ../src/main.cpp'
'Invoking: ARM v7 Linux g++ compiler'
arm-linux-gnueabihf-g++ -Wall -O2 -c -fmessage-length=0 -MT"src/main.o" -MMD -MP -MF"src/main.d" -MT"src/main.o" -o "src/main.o" "../src/main.cpp"
../src/main.cpp: In function 'int main(int, char**)':
../src/main.cpp:109:13: warning: comparison between signed and unsigned integer expressions [-Wsign-compare]
         if(x!=tmp)
            ~^~~~~
'Finished building: ../src/main.cpp'
' '
'Building target: axi_lite_app.elf'
'Invoking: ARM v7 Linux g++ linker'
arm-linux-gnueabihf-g++ -static  -o "axi_lite_app.elf"  ./src/main.o   
'Finished building target: axi_lite_app.elf'
' '
'Invoking: ARM v7 Linux Print Size'
arm-linux-gnueabihf-size axi_lite_app.elf  |tee "axi_lite_app.elf.size"
   text	   data	    bss	    dec	    hex	filename
 417220	   8724	   2784	 428728	  68ab8	axi_lite_app.elf
'Finished building: axi_lite_app.elf.size'
' '

23:47:49 Build Finished (took 4s.362ms)

