16:16:46 **** Incremental Build of configuration Release for project isa_axilite_int ****
make all 
make: Nothing to be done for `all'.
16:17:08 **** Auto Build of configuration Release for project isa_axilite_int ****
make all 
'Building file: ../src/main.cpp'
'Invoking: ARM v7 Linux g++ compiler'
arm-linux-gnueabihf-g++ -Wall -O2 -c -fmessage-length=0 -MT"src/main.o" -MMD -MP -MF"src/main.d" -MT"src/main.o" -o "src/main.o" "../src/main.cpp"
../src/main.cpp: In function 'int main(int, char**)':
../src/main.cpp:20:6: warning: variable 'rdata' set but not used [-Wunused-but-set-variable]
  int rdata;
      ^~~~~
../src/main.cpp:21:9: warning: unused variable 'wdata' [-Wunused-variable]
     int wdata;
         ^~~~~
'Finished building: ../src/main.cpp'
' '
'Building target: isa_axilite_int.elf'
'Invoking: ARM v7 Linux g++ linker'
arm-linux-gnueabihf-g++ -static  -o "isa_axilite_int.elf"  ./src/isa_hw.o ./src/main.o   
'Finished building target: isa_axilite_int.elf'
' '
'Invoking: ARM v7 Linux Print Size'
arm-linux-gnueabihf-size isa_axilite_int.elf  |tee "isa_axilite_int.elf.size"
   text	   data	    bss	    dec	    hex	filename
 419348	   8724	   2784	 430856	  69308	isa_axilite_int.elf
'Finished building: isa_axilite_int.elf.size'
' '
16:21:36 **** Auto Build of configuration Release for project isa_axilite_int ****
make all 
'Building file: ../src/main.cpp'
'Invoking: ARM v7 Linux g++ compiler'
arm-linux-gnueabihf-g++ -Wall -O2 -c -fmessage-length=0 -MT"src/main.o" -MMD -MP -MF"src/main.d" -MT"src/main.o" -o "src/main.o" "../src/main.cpp"
../src/main.cpp: In function 'int main(int, char**)':
../src/main.cpp:20:6: warning: variable 'rdata' set but not used [-Wunused-but-set-variable]
  int rdata;
      ^~~~~
../src/main.cpp:21:9: warning: unused variable 'wdata' [-Wunused-variable]
     int wdata;
         ^~~~~
'Finished building: ../src/main.cpp'
' '
'Building target: isa_axilite_int.elf'
'Invoking: ARM v7 Linux g++ linker'
arm-linux-gnueabihf-g++ -static  -o "isa_axilite_int.elf"  ./src/isa_hw.o ./src/main.o   
'Finished building target: isa_axilite_int.elf'
' '
'Invoking: ARM v7 Linux Print Size'
arm-linux-gnueabihf-size isa_axilite_int.elf  |tee "isa_axilite_int.elf.size"
   text	   data	    bss	    dec	    hex	filename
 419348	   8724	   2784	 430856	  69308	isa_axilite_int.elf
'Finished building: isa_axilite_int.elf.size'
' '
17:41:14 **** Auto Build of configuration Release for project isa_axilite_int ****
make all 
'Building file: ../src/main.cpp'
'Invoking: ARM v7 Linux g++ compiler'
arm-linux-gnueabihf-g++ -Wall -O2 -c -fmessage-length=0 -MT"src/main.o" -MMD -MP -MF"src/main.d" -MT"src/main.o" -o "src/main.o" "../src/main.cpp"
../src/main.cpp: In function 'int main(int, char**)':
../src/main.cpp:20:6: warning: variable 'rdata' set but not used [-Wunused-but-set-variable]
  int rdata;
      ^~~~~
../src/main.cpp:21:9: warning: unused variable 'wdata' [-Wunused-variable]
     int wdata;
         ^~~~~
'Finished building: ../src/main.cpp'
' '
'Building target: isa_axilite_int.elf'
'Invoking: ARM v7 Linux g++ linker'
arm-linux-gnueabihf-g++ -static  -o "isa_axilite_int.elf"  ./src/isa_hw.o ./src/main.o   
'Finished building target: isa_axilite_int.elf'
' '
'Invoking: ARM v7 Linux Print Size'
arm-linux-gnueabihf-size isa_axilite_int.elf  |tee "isa_axilite_int.elf.size"
   text	   data	    bss	    dec	    hex	filename
 419348	   8724	   2784	 430856	  69308	isa_axilite_int.elf
'Finished building: isa_axilite_int.elf.size'
' '
17:48:37 **** Auto Build of configuration Release for project isa_axilite_int ****
make all 
'Building file: ../src/main.cpp'
'Invoking: ARM v7 Linux g++ compiler'
arm-linux-gnueabihf-g++ -Wall -O2 -c -fmessage-length=0 -MT"src/main.o" -MMD -MP -MF"src/main.d" -MT"src/main.o" -o "src/main.o" "../src/main.cpp"
../src/main.cpp: In function 'int main(int, char**)':
../src/main.cpp:20:6: warning: variable 'rdata' set but not used [-Wunused-but-set-variable]
  int rdata;
      ^~~~~
../src/main.cpp:21:9: warning: unused variable 'wdata' [-Wunused-variable]
     int wdata;
         ^~~~~
'Finished building: ../src/main.cpp'
' '
'Building target: isa_axilite_int.elf'
'Invoking: ARM v7 Linux g++ linker'
arm-linux-gnueabihf-g++ -static  -o "isa_axilite_int.elf"  ./src/isa_hw.o ./src/main.o   
'Finished building target: isa_axilite_int.elf'
' '
'Invoking: ARM v7 Linux Print Size'
arm-linux-gnueabihf-size isa_axilite_int.elf  |tee "isa_axilite_int.elf.size"
   text	   data	    bss	    dec	    hex	filename
 419412	   8724	   2784	 430920	  69348	isa_axilite_int.elf
'Finished building: isa_axilite_int.elf.size'
' '
17:57:32 **** Auto Build of configuration Release for project isa_axilite_int ****
make all 
'Building file: ../src/main.cpp'
'Invoking: ARM v7 Linux g++ compiler'
arm-linux-gnueabihf-g++ -Wall -O2 -c -fmessage-length=0 -MT"src/main.o" -MMD -MP -MF"src/main.d" -MT"src/main.o" -o "src/main.o" "../src/main.cpp"
../src/main.cpp: In function 'int main(int, char**)':
../src/main.cpp:20:6: warning: variable 'rdata' set but not used [-Wunused-but-set-variable]
  int rdata;
      ^~~~~
../src/main.cpp:21:9: warning: unused variable 'wdata' [-Wunused-variable]
     int wdata;
         ^~~~~
'Finished building: ../src/main.cpp'
' '
'Building target: isa_axilite_int.elf'
'Invoking: ARM v7 Linux g++ linker'
arm-linux-gnueabihf-g++ -static  -o "isa_axilite_int.elf"  ./src/isa_hw.o ./src/main.o   
'Finished building target: isa_axilite_int.elf'
' '
'Invoking: ARM v7 Linux Print Size'
arm-linux-gnueabihf-size isa_axilite_int.elf  |tee "isa_axilite_int.elf.size"
   text	   data	    bss	    dec	    hex	filename
 419412	   8724	   2784	 430920	  69348	isa_axilite_int.elf
'Finished building: isa_axilite_int.elf.size'
' '
17:10:17 **** Auto Build of configuration Release for project axi_lite ****
make all 
'Building file: ../src/main.cpp'
'Invoking: ARM v7 Linux g++ compiler'
arm-linux-gnueabihf-g++ -Wall -O2 -c -fmessage-length=0 -MT"src/main.o" -MMD -MP -MF"src/main.d" -MT"src/main.o" -o "src/main.o" "../src/main.cpp"
'Finished building: ../src/main.cpp'
' '
'Building target: axi_lite.elf'
'Invoking: ARM v7 Linux g++ linker'
arm-linux-gnueabihf-g++ -static  -o "axi_lite.elf"  ./src/isa_hw.o ./src/main.o   
'Finished building target: axi_lite.elf'
' '
'Invoking: ARM v7 Linux Print Size'
arm-linux-gnueabihf-size axi_lite.elf  |tee "axi_lite.elf.size"
   text	   data	    bss	    dec	    hex	filename
 418568	   8724	   2784	 430076	  68ffc	axi_lite.elf
'Finished building: axi_lite.elf.size'
' '
18:00:30 **** Auto Build of configuration Release for project isa_axilite_int ****
make all 
'Building file: ../src/main.cpp'
'Invoking: ARM v7 Linux g++ compiler'
arm-linux-gnueabihf-g++ -Wall -O2 -c -fmessage-length=0 -MT"src/main.o" -MMD -MP -MF"src/main.d" -MT"src/main.o" -o "src/main.o" "../src/main.cpp"
../src/main.cpp: In function 'int main(int, char**)':
../src/main.cpp:20:6: warning: variable 'rdata' set but not used [-Wunused-but-set-variable]
  int rdata;
      ^~~~~
../src/main.cpp:21:9: warning: unused variable 'wdata' [-Wunused-variable]
     int wdata;
         ^~~~~
'Finished building: ../src/main.cpp'
' '
'Building target: isa_axilite_int.elf'
'Invoking: ARM v7 Linux g++ linker'
arm-linux-gnueabihf-g++ -static  -o "isa_axilite_int.elf"  ./src/isa_hw.o ./src/main.o   
'Finished building target: isa_axilite_int.elf'
' '
'Invoking: ARM v7 Linux Print Size'
arm-linux-gnueabihf-size isa_axilite_int.elf  |tee "isa_axilite_int.elf.size"
   text	   data	    bss	    dec	    hex	filename
 419412	   8724	   2784	 430920	  69348	isa_axilite_int.elf
'Finished building: isa_axilite_int.elf.size'
' '
